<html>
<body>
<pre>
<h1>礦ision Build Log</h1>
<h2>Tool Versions:</h2>
IDE-Version: μVision V5.29.0.0
Copyright (C) 2019 ARM Ltd and ARM Germany GmbH. All rights reserved.
License Information: 123 LanLanL, HP Inc., LIC=YA39H-W2LZ6-EVQ1R-KQZER-GG99Y-PX7VD
 
Tool Versions:
Toolchain:       MDK-ARM Plus  Version: 5.29.0.0
Toolchain Path:  D:\keilFile\ARM\ARMCC\Bin
C Compiler:      Armcc.exe V5.06 update 6 (build 750)
Assembler:       Armasm.exe V5.06 update 6 (build 750)
Linker/Locator:  ArmLink.exe V5.06 update 6 (build 750)
Library Manager: ArmAr.exe V5.06 update 6 (build 750)
Hex Converter:   FromElf.exe V5.06 update 6 (build 750)
CPU DLL:         SARMCM3.DLL V5.29.0.0
Dialog DLL:      DCM.DLL V1.17.3.0
Target DLL:      CMSIS_AGDI.dll V1.32.0.0
Dialog DLL:      TCM.DLL V1.36.5.0
 
<h2>Project:</h2>
C:\Users\LanLanLan1927\Desktop\TIM2_cubetest\STM32speedtext\01_SMT32F103RCT6空白模板(已配参数)\Project\魔女开发板_STM32F103RCT6.uvprojx
Project File Date:  07/13/2021

<h2>Output:</h2>
*** Using Compiler 'V5.06 update 6 (build 750)', folder: 'D:\keilFile\ARM\ARMCC\Bin'
Build target 'STM32F103RC'
compiling main.c...
linking...
Program Size: Code=11572 RO-data=336 RW-data=140 ZI-data=1188  
FromELF: creating hex file...
".\Output\USART.axf" - 0 Error(s), 0 Warning(s).

<h2>Software Packages used:</h2>

Package Vendor: Keil
                http://www.keil.com/pack/Keil.STM32F1xx_DFP.2.1.0.pack
                Keil.STM32F1xx_DFP.2.1.0
                STMicroelectronics STM32F1 Series Device Support, Drivers and Examples

<h2>Collection of Component include folders:</h2>
  .\RTE\_STM32F103RC
  D:\keilFile\ARM\PACK\Keil\STM32F1xx_DFP\2.1.0\Device\Include

<h2>Collection of Component Files used:</h2>
Build Time Elapsed:  00:00:00
</pre>
</body>
</html>
