Component: ARM Compiler 5.06 update 6 (build 750) Tool: armlink [4d35ed]

==============================================================================

Section Cross References

    main.o(.text) refers to _printf_percent.o(.ARM.Collect$$_printf_percent$$00000000) for _printf_percent
    main.o(.text) refers to _printf_f.o(.ARM.Collect$$_printf_percent$$00000003) for _printf_f
    main.o(.text) refers to printf1.o(x$fpl$printf1) for _printf_fp_dec
    main.o(.text) refers to speedtext.o(.text) for InitAll
    main.o(.text) refers to oled.o(.text) for OLED_Clear
    main.o(.text) refers to delay.o(.text) for delay_ms
    main.o(.text) refers to rt_memcpy_w.o(.text) for __aeabi_memcpy4
    main.o(.text) refers to dflt_clz.o(x$fpl$dfltu) for __aeabi_ui2d
    main.o(.text) refers to ddiv.o(x$fpl$ddiv) for __aeabi_ddiv
    main.o(.text) refers to daddsub_clz.o(x$fpl$dsub) for __aeabi_dsub
    main.o(.text) refers to dmul.o(x$fpl$dmul) for __aeabi_dmul
    main.o(.text) refers to noretval__2sprintf.o(.text) for __2sprintf
    main.o(.text) refers to main.o(.data) for show_flag
    main.o(.text) refers to speedtext.o(.data) for TIME_SAVE
    main.o(.text) refers to main.o(.bss) for temp
    stm32f10x_it.o(.text) refers to stm32f10x_tim.o(.text) for TIM_GetITStatus
    stm32f10x_it.o(.text) refers to main.o(.data) for STATE
    stm32f10x_it.o(.text) refers to bsp_generaltim.o(.data) for TIM_ICUserValueStructure1
    stm32f10x_it.o(.text) refers to speedtext.o(.data) for TIME_SAVE
    speedtext.o(.text) refers to stm32f10x_rcc.o(.text) for RCC_APB2PeriphClockCmd
    speedtext.o(.text) refers to stm32f10x_gpio.o(.text) for GPIO_Init
    speedtext.o(.text) refers to system_stm32f10x.o(.text) for SystemInit
    speedtext.o(.text) refers to bsp_generaltim.o(.text) for GENERAL_TIM_Init
    speedtext.o(.text) refers to oled.o(.text) for OLED_Init
    speedtext.o(.text) refers to led.o(.text) for LED_GPIO_Config
    bsp_generaltim.o(.text) refers to misc.o(.text) for NVIC_PriorityGroupConfig
    bsp_generaltim.o(.text) refers to stm32f10x_rcc.o(.text) for RCC_APB1PeriphClockCmd
    bsp_generaltim.o(.text) refers to stm32f10x_tim.o(.text) for TIM_TimeBaseInit
    bsp_generaltim.o(.text) refers to stm32f10x_gpio.o(.text) for GPIO_Init
    led.o(.text) refers to stm32f10x_rcc.o(.text) for RCC_APB2PeriphClockCmd
    led.o(.text) refers to stm32f10x_gpio.o(.text) for GPIO_Init
    led.o(.text) refers to delay.o(.text) for delay_ms
    oled.o(.text) refers to stm32f10x_gpio.o(.text) for GPIO_SetBits
    oled.o(.text) refers to oled.o(.constdata) for F8X16
    oled.o(.text) refers to delay.o(.text) for delay_init
    oled.o(.text) refers to sys.o(.text) for NVIC_Configuration
    oled.o(.text) refers to stm32f10x_rcc.o(.text) for RCC_APB2PeriphClockCmd
    oled.o(.text) refers to oled.o(.data) for Hzk
    delay.o(.text) refers to misc.o(.text) for SysTick_CLKSourceConfig
    delay.o(.text) refers to system_stm32f10x.o(.data) for SystemCoreClock
    delay.o(.text) refers to delay.o(.data) for fac_us
    sys.o(.text) refers to misc.o(.text) for NVIC_PriorityGroupConfig
    usart.o(.text) refers (Special) to use_no_semi_2.o(.text) for __use_no_semihosting
    usart.o(.text) refers to stm32f10x_rcc.o(.text) for RCC_APB2PeriphClockCmd
    usart.o(.text) refers to stm32f10x_gpio.o(.text) for GPIO_Init
    usart.o(.text) refers to misc.o(.text) for NVIC_Init
    usart.o(.text) refers to stm32f10x_usart.o(.text) for USART_Init
    usart.o(.text) refers to usart.o(.data) for USART_RX_STA
    usart.o(.text) refers to usart.o(.bss) for USART_RX_BUF
    usart.o(.bss) refers (Special) to use_no_semi_2.o(.text) for __use_no_semihosting
    usart.o(.data) refers (Special) to use_no_semi_2.o(.text) for __use_no_semihosting
    startup_stm32f10x_hd.o(STACK) refers (Special) to heapauxi.o(.text) for __use_two_region_memory
    startup_stm32f10x_hd.o(HEAP) refers (Special) to heapauxi.o(.text) for __use_two_region_memory
    startup_stm32f10x_hd.o(RESET) refers (Special) to heapauxi.o(.text) for __use_two_region_memory
    startup_stm32f10x_hd.o(RESET) refers to startup_stm32f10x_hd.o(STACK) for __initial_sp
    startup_stm32f10x_hd.o(RESET) refers to startup_stm32f10x_hd.o(.text) for Reset_Handler
    startup_stm32f10x_hd.o(RESET) refers to stm32f10x_it.o(.text) for NMI_Handler
    startup_stm32f10x_hd.o(RESET) refers to usart.o(.text) for USART1_IRQHandler
    startup_stm32f10x_hd.o(.text) refers (Special) to heapauxi.o(.text) for __use_two_region_memory
    startup_stm32f10x_hd.o(.text) refers to system_stm32f10x.o(.text) for SystemInit
    startup_stm32f10x_hd.o(.text) refers to __main.o(!!!main) for __main
    startup_stm32f10x_hd.o(.text) refers to startup_stm32f10x_hd.o(HEAP) for Heap_Mem
    startup_stm32f10x_hd.o(.text) refers to startup_stm32f10x_hd.o(STACK) for Stack_Mem
    system_stm32f10x.o(.text) refers to system_stm32f10x.o(.data) for SystemCoreClock
[...]
    __raise.o(.text) refers to defsig.o(CL$$defsig) for __default_signal_handler
    defsig_general.o(.text) refers to sys_wrch.o(.text) for _ttywrch
    sys_wrch.o(.text) refers (Special) to use_no_semi.o(.text) for __I$use$semihosting
    sys_wrch.o(.text) refers (Special) to indicate_semi.o(.text) for __semihosting_library_function
    defsig.o(CL$$defsig) refers to defsig_rtmem_inner.o(.text) for __rt_SIGRTMEM_inner
    defsig_abrt_inner.o(.text) refers to defsig_general.o(.text) for __default_signal_display
    defsig_fpe_inner.o(.text) refers to defsig_general.o(.text) for __default_signal_display
    defsig_rtred_inner.o(.text) refers to defsig_general.o(.text) for __default_signal_display
    defsig_stak_inner.o(.text) refers to defsig_general.o(.text) for __default_signal_display
    defsig_pvfn_inner.o(.text) refers to defsig_general.o(.text) for __default_signal_display
    defsig_cppl_inner.o(.text) refers to defsig_general.o(.text) for __default_signal_display
    defsig_segv_inner.o(.text) refers to defsig_general.o(.text) for __default_signal_display
    defsig_other.o(.text) refers to defsig_general.o(.text) for __default_signal_display


==============================================================================

Removing Unused input sections from the image.

    Removing core_cm3.o(.emb_text), (32 bytes).

1 unused section(s) (total 32 bytes) removed from the image.

==============================================================================

Image Symbol Table

    Local Symbols

    Symbol Name                              Value     Ov Type        Size  Object(Section)

    ../clib/angel/boardlib.s                 0x00000000   Number         0  boardinit3.o ABSOLUTE
    ../clib/angel/boardlib.s                 0x00000000   Number         0  boardinit1.o ABSOLUTE
    ../clib/angel/boardlib.s                 0x00000000   Number         0  boardinit2.o ABSOLUTE
    ../clib/angel/boardlib.s                 0x00000000   Number         0  boardshut.o ABSOLUTE
    ../clib/angel/dczerorl2.s                0x00000000   Number         0  __dczerorl2.o ABSOLUTE
    ../clib/angel/handlers.s                 0x00000000   Number         0  __scatter_zi.o ABSOLUTE
    ../clib/angel/kernel.s                   0x00000000   Number         0  __rtentry.o ABSOLUTE
    ../clib/angel/kernel.s                   0x00000000   Number         0  rtexit2.o ABSOLUTE
    ../clib/angel/kernel.s                   0x00000000   Number         0  __rtentry2.o ABSOLUTE
    ../clib/angel/kernel.s                   0x00000000   Number         0  __rtentry4.o ABSOLUTE
    ../clib/angel/kernel.s                   0x00000000   Number         0  rtexit.o ABSOLUTE
    ../clib/angel/rt.s                       0x00000000   Number         0  rt_locale_intlibspace.o ABSOLUTE
    ../clib/angel/rt.s                       0x00000000   Number         0  rt_raise.o ABSOLUTE
    ../clib/angel/rt.s                       0x00000000   Number         0  rt_locale.o ABSOLUTE
    ../clib/angel/scatter.s                  0x00000000   Number         0  __scatter.o ABSOLUTE
    ../clib/angel/startup.s                  0x00000000   Number         0  __main.o ABSOLUTE
    ../clib/angel/sys.s                      0x00000000   Number         0  use_no_semi_2.o ABSOLUTE
    ../clib/angel/sys.s                      0x00000000   Number         0  use_no_semi.o ABSOLUTE
    ../clib/angel/sys.s                      0x00000000   Number         0  indicate_semi.o ABSOLUTE
    ../clib/angel/sys.s                      0x00000000   Number         0  sys_stackheap_outer.o ABSOLUTE
    ../clib/angel/sys.s                      0x00000000   Number         0  libspace.o ABSOLUTE
    ../clib/angel/sysapp.c                   0x00000000   Number         0  sys_command.o ABSOLUTE
    ../clib/angel/sysapp.c                   0x00000000   Number         0  sys_wrch.o ABSOLUTE
    ../clib/armsys.c                         0x00000000   Number         0  argv_veneer.o ABSOLUTE
    ../clib/armsys.c                         0x00000000   Number         0  _get_argv_nomalloc.o ABSOLUTE
    ../clib/armsys.c                         0x00000000   Number         0  no_argv.o ABSOLUTE
    ../clib/armsys.c                         0x00000000   Number         0  argv_veneer.o ABSOLUTE
    ../clib/bigflt.c                         0x00000000   Number         0  bigflt0.o ABSOLUTE
    ../clib/btod.s                           0x00000000   Number         0  btod.o ABSOLUTE
    ../clib/heapalloc.c                      0x00000000   Number         0  hrguard.o ABSOLUTE
    ../clib/heapaux.c                        0x00000000   Number         0  heapauxi.o ABSOLUTE
    ../clib/libinit.s                        0x00000000   Number         0  libshutdown.o ABSOLUTE
    ../clib/libinit.s                        0x00000000   Number         0  libinit2.o ABSOLUTE
    ../clib/libinit.s                        0x00000000   Number         0  libinit.o ABSOLUTE
    ../clib/libinit.s                        0x00000000   Number         0  libshutdown2.o ABSOLUTE
    ../clib/locale.s                         0x00000000   Number         0  lc_numeric_c.o ABSOLUTE
    ../clib/longlong.s                       0x00000000   Number         0  lludiv10.o ABSOLUTE
    ../clib/memcpset.s                       0x00000000   Number         0  strcmpv7m.o ABSOLUTE
    ../clib/memcpset.s                       0x00000000   Number         0  rt_memcpy_w.o ABSOLUTE
    ../clib/misc.s                           0x00000000   Number         0  printf_stubs.o ABSOLUTE
    ../clib/printf.c                         0x00000000   Number         0  __printf_ss.o ABSOLUTE
    ../clib/printf.c                         0x00000000   Number         0  noretval__2sprintf.o ABSOLUTE
    ../clib/printf.c                         0x00000000   Number         0  _printf_fp_dec.o ABSOLUTE
    ../clib/printf.c                         0x00000000   Number         0  __printf.o ABSOLUTE
    ../clib/printf.c                         0x00000000   Number         0  _printf_char_common.o ABSOLUTE
    ../clib/printf.c                         0x00000000   Number         0  __2sprintf.o ABSOLUTE
    ../clib/printf.c                         0x00000000   Number         0  _sputc.o ABSOLUTE
    ../clib/printf.c                         0x00000000   Number         0  __printf_nopercent.o ABSOLUTE
    ../clib/printf.c                         0x00000000   Number         0  _printf_fp_infnan.o ABSOLUTE
    ../clib/printf.c                         0x00000000   Number         0  __printf_flags_ss_wp.o ABSOLUTE
    ../clib/printf.c                         0x00000000   Number         0  __printf_ss_wp.o ABSOLUTE
    ../clib/printf.c                         0x00000000   Number         0  __printf_flags_wp.o ABSOLUTE
    ../clib/printf.c                         0x00000000   Number         0  __printf_wp.o ABSOLUTE
    ../clib/printf.c                         0x00000000   Number         0  __printf_flags_ss.o ABSOLUTE
    ../clib/printf.c                         0x00000000   Number         0  __printf_flags.o ABSOLUTE
    ../clib/printf_percent.s                 0x00000000   Number         0  _printf_f.o ABSOLUTE
    ../clib/printf_percent.s                 0x00000000   Number         0  _printf_percent_end.o ABSOLUTE
    ../clib/printf_percent.s                 0x00000000   Number         0  _printf_percent.o ABSOLUTE
    ../clib/signal.c                         0x00000000   Number         0  __raise.o ABSOLUTE
    ../clib/signal.c                         0x00000000   Number         0  defsig_segv_inner.o ABSOLUTE
    ../clib/signal.c                         0x00000000   Number         0  defsig_rtmem_formal.o ABSOLUTE
    ../clib/signal.c                         0x00000000   Number         0  defsig_rtmem_outer.o ABSOLUTE
    ../clib/signal.c                         0x00000000   Number         0  defsig_general.o ABSOLUTE
    ../clib/signal.c                         0x00000000   Number         0  defsig_other.o ABSOLUTE
    ../clib/signal.c                         0x00000000   Number         0  defsig_rtred_inner.o ABSOLUTE
    ../clib/signal.c                         0x00000000   Number         0  defsig_exit.o ABSOLUTE
    ../clib/signal.c                         0x00000000   Number         0  defsig_abrt_inner.o ABSOLUTE
    ../clib/signal.c                         0x00000000   Number         0  defsig_fpe_inner.o ABSOLUTE
    ../clib/signal.c                         0x00000000   Number         0  defsig_rtmem_inner.o ABSOLUTE
    ../clib/signal.c                         0x00000000   Number         0  defsig_stak_inner.o ABSOLUTE
    ../clib/signal.c                         0x00000000   Number         0  defsig_pvfn_inner.o ABSOLUTE
    ../clib/signal.c                         0x00000000   Number         0  defsig_cppl_inner.o ABSOLUTE
    ../clib/signal.s                         0x00000000   Number         0  defsig.o ABSOLUTE
    ../clib/stdlib.c                         0x00000000   Number         0  exit.o ABSOLUTE
    ../fplib/daddsub.s                       0x00000000   Number         0  daddsub_clz.o ABSOLUTE
    ../fplib/ddiv.s                          0x00000000   Number         0  ddiv.o ABSOLUTE
    ../fplib/dflt.s                          0x00000000   Number         0  dflt_clz.o ABSOLUTE
    ../fplib/dmul.s                          0x00000000   Number         0  dmul.o ABSOLUTE
    ../fplib/dnaninf.s                       0x00000000   Number         0  dnaninf.o ABSOLUTE
    ../fplib/dretinf.s                       0x00000000   Number         0  dretinf.o ABSOLUTE
    ../fplib/fpinit.s                        0x00000000   Number         0  fpinit.o ABSOLUTE
    ../fplib/istatus.s                       0x00000000   Number         0  istatus.o ABSOLUTE
    ../fplib/printf1.s                       0x00000000   Number         0  printf1.o ABSOLUTE
    ../fplib/usenofp.s                       0x00000000   Number         0  usenofp.o ABSOLUTE
    ../mathlib/fpclassify.c                  0x00000000   Number         0  fpclassify.o ABSOLUTE
    ..\CORE\core_cm3.c                       0x00000000   Number         0  core_cm3.o ABSOLUTE
    ..\CORE\startup_stm32f10x_hd.s           0x00000000   Number         0  startup_stm32f10x_hd.o ABSOLUTE
    ..\HARDWARE\OLED\oled.c                  0x00000000   Number         0  oled.o ABSOLUTE
    ..\STM32F10x_FWLib\src\misc.c            0x00000000   Number         0  misc.o ABSOLUTE
    ..\STM32F10x_FWLib\src\stm32f10x_gpio.c  0x00000000   Number         0  stm32f10x_gpio.o ABSOLUTE
    ..\STM32F10x_FWLib\src\stm32f10x_rcc.c   0x00000000   Number         0  stm32f10x_rcc.o ABSOLUTE
    ..\STM32F10x_FWLib\src\stm32f10x_tim.c   0x00000000   Number         0  stm32f10x_tim.o ABSOLUTE
    ..\STM32F10x_FWLib\src\stm32f10x_usart.c 0x00000000   Number         0  stm32f10x_usart.o ABSOLUTE
    ..\SYSTEM\delay\delay.c                  0x00000000   Number         0  delay.o ABSOLUTE
    ..\SYSTEM\sys\sys.c                      0x00000000   Number         0  sys.o ABSOLUTE
    ..\SYSTEM\usart\usart.c                  0x00000000   Number         0  usart.o ABSOLUTE
    ..\\CORE\\core_cm3.c                     0x00000000   Number         0  core_cm3.o ABSOLUTE
    GeneralTim\bsp_GeneralTim.c              0x00000000   Number         0  bsp_generaltim.o ABSOLUTE
    LED\led.c                                0x00000000   Number         0  led.o ABSOLUTE
    dc.s                                     0x00000000   Number         0  dc.o ABSOLUTE
    main.c                                   0x00000000   Number         0  main.o ABSOLUTE
    speedtext\speedtext.c                    0x00000000   Number         0  speedtext.o ABSOLUTE
    stm32f10x_it.c                           0x00000000   Number         0  stm32f10x_it.o ABSOLUTE
    system_stm32f10x.c                       0x00000000   Number         0  system_stm32f10x.o ABSOLUTE
    RESET                                    0x08000000   Section      304  startup_stm32f10x_hd.o(RESET)
    !!!main                                  0x08000130   Section        8  __main.o(!!!main)
    !!!scatter                               0x08000138   Section       52  __scatter.o(!!!scatter)
    !!dczerorl2                              0x0800016c   Section       90  __dczerorl2.o(!!dczerorl2)
    !!handler_zi                             0x080001c8   Section       28  __scatter_zi.o(!!handler_zi)
    .ARM.Collect$$_printf_percent$$00000000  0x080001e4   Section        0  _printf_percent.o(.ARM.Collect$$_printf_percent$$00000000)
    .ARM.Collect$$_printf_percent$$00000003  0x080001e4   Section        6  _printf_f.o(.ARM.Collect$$_printf_percent$$00000003)
    .ARM.Collect$$_printf_percent$$00000017  0x080001ea   Section        4  _printf_percent_end.o(.ARM.Collect$$_printf_percent$$00000017)
    .ARM.Collect$$libinit$$00000000          0x080001ee   Section        2  libinit.o(.ARM.Collect$$libinit$$00000000)
    .ARM.Collect$$libinit$$00000002          0x080001f0   Section        0  libinit2.o(.ARM.Collect$$libinit$$00000002)
    .ARM.Collect$$libinit$$00000004          0x080001f0   Section        0  libinit2.o(.ARM.Collect$$libinit$$00000004)
    .ARM.Collect$$libinit$$0000000A          0x080001f0   Section        0  libinit2.o(.ARM.Collect$$libinit$$0000000A)
    .ARM.Collect$$libinit$$0000000C          0x080001f0   Section        0  libinit2.o(.ARM.Collect$$libinit$$0000000C)
    .ARM.Collect$$libinit$$0000000E          0x080001f0   Section        0  libinit2.o(.ARM.Collect$$libinit$$0000000E)
    .ARM.Collect$$libinit$$0000000F          0x080001f0   Section        6  libinit2.o(.ARM.Collect$$libinit$$0000000F)
    .ARM.Collect$$libinit$$00000011          0x080001f6   Section        0  libinit2.o(.ARM.Collect$$libinit$$00000011)
    .ARM.Collect$$libinit$$00000013          0x080001f6   Section        0  libinit2.o(.ARM.Collect$$libinit$$00000013)
    .ARM.Collect$$libinit$$00000015          0x080001f6   Section        0  libinit2.o(.ARM.Collect$$libinit$$00000015)
    .ARM.Collect$$libinit$$00000016          0x080001f6   Section       10  libinit2.o(.ARM.Collect$$libinit$$00000016)
    .ARM.Collect$$libinit$$00000017          0x08000200   Section        0  libinit2.o(.ARM.Collect$$libinit$$00000017)
    .ARM.Collect$$libinit$$00000019          0x08000200   Section        0  libinit2.o(.ARM.Collect$$libinit$$00000019)
    .ARM.Collect$$libinit$$0000001B          0x08000200   Section        0  libinit2.o(.ARM.Collect$$libinit$$0000001B)
    .ARM.Collect$$libinit$$0000001D          0x08000200   Section        0  libinit2.o(.ARM.Collect$$libinit$$0000001D)
    .ARM.Collect$$libinit$$0000001F          0x08000200   Section        0  libinit2.o(.ARM.Collect$$libinit$$0000001F)
    .ARM.Collect$$libinit$$00000021          0x08000200   Section        0  libinit2.o(.ARM.Collect$$libinit$$00000021)
    .ARM.Collect$$libinit$$00000023          0x08000200   Section        0  libinit2.o(.ARM.Collect$$libinit$$00000023)
    .ARM.Collect$$libinit$$00000025          0x08000200   Section        0  libinit2.o(.ARM.Collect$$libinit$$00000025)
    .ARM.Collect$$libinit$$0000002C          0x08000200   Section        0  libinit2.o(.ARM.Collect$$libinit$$0000002C)
    .ARM.Collect$$libinit$$0000002E          0x08000200   Section        0  libinit2.o(.ARM.Collect$$libinit$$0000002E)
    .ARM.Collect$$libinit$$00000030          0x08000200   Section        0  libinit2.o(.ARM.Collect$$libinit$$00000030)
    .ARM.Collect$$libinit$$00000032          0x08000200   Section        0  libinit2.o(.ARM.Collect$$libinit$$00000032)
    .ARM.Collect$$libinit$$00000033          0x08000200   Section        2  libinit2.o(.ARM.Collect$$libinit$$00000033)
    .ARM.Collect$$libshutdown$$00000000      0x08000202   Section        2  libshutdown.o(.ARM.Collect$$libshutdown$$00000000)
    .ARM.Collect$$libshutdown$$00000002      0x08000204   Section        0  libshutdown2.o(.ARM.Collect$$libshutdown$$00000002)
    .ARM.Collect$$libshutdown$$00000004      0x08000204   Section        0  libshutdown2.o(.ARM.Collect$$libshutdown$$00000004)
    .ARM.Collect$$libshutdown$$00000007      0x08000204   Section        0  libshutdown2.o(.ARM.Collect$$libshutdown$$00000007)
    .ARM.Collect$$libshutdown$$0000000A      0x08000204   Section        0  libshutdown2.o(.ARM.Collect$$libshutdown$$0000000A)
    .ARM.Collect$$libshutdown$$0000000C      0x08000204   Section        0  libshutdown2.o(.ARM.Collect$$libshutdown$$0000000C)
    .ARM.Collect$$libshutdown$$0000000F      0x08000204   Section        0  libshutdown2.o(.ARM.Collect$$libshutdown$$0000000F)
    .ARM.Collect$$libshutdown$$00000010      0x08000204   Section        2  libshutdown2.o(.ARM.Collect$$libshutdown$$00000010)
    .ARM.Collect$$rtentry$$00000000          0x08000206   Section        0  __rtentry.o(.ARM.Collect$$rtentry$$00000000)
    .ARM.Collect$$rtentry$$00000002          0x08000206   Section        0  __rtentry2.o(.ARM.Collect$$rtentry$$00000002)
    .ARM.Collect$$rtentry$$00000004          0x08000206   Section        6  __rtentry4.o(.ARM.Collect$$rtentry$$00000004)
    .ARM.Collect$$rtentry$$00000009          0x0800020c   Section        0  __rtentry2.o(.ARM.Collect$$rtentry$$00000009)
    .ARM.Collect$$rtentry$$0000000A          0x0800020c   Section        4  __rtentry2.o(.ARM.Collect$$rtentry$$0000000A)
    .ARM.Collect$$rtentry$$0000000C          0x08000210   Section        0  __rtentry2.o(.ARM.Collect$$rtentry$$0000000C)
    .ARM.Collect$$rtentry$$0000000D          0x08000210   Section        8  __rtentry2.o(.ARM.Collect$$rtentry$$0000000D)
    .ARM.Collect$$rtexit$$00000000           0x08000218   Section        2  rtexit.o(.ARM.Collect$$rtexit$$00000000)
    .ARM.Collect$$rtexit$$00000002           0x0800021a   Section        0  rtexit2.o(.ARM.Collect$$rtexit$$00000002)
    .ARM.Collect$$rtexit$$00000003           0x0800021a   Section        4  rtexit2.o(.ARM.Collect$$rtexit$$00000003)
    .ARM.Collect$$rtexit$$00000004           0x0800021e   Section        6  rtexit2.o(.ARM.Collect$$rtexit$$00000004)
    .text                                    0x08000224   Section        0  main.o(.text)
    .text                                    0x08000428   Section        0  stm32f10x_it.o(.text)
    .text                                    0x080005f4   Section        0  speedtext.o(.text)
    .text                                    0x08000644   Section        0  bsp_generaltim.o(.text)
    GENERAL_TIM_NVIC_Config                  0x08000645   Thumb Code    42  bsp_generaltim.o(.text)
    GENERAL_TIM_Mode_Config                  0x0800066f   Thumb Code   212  bsp_generaltim.o(.text)
    .text                                    0x08000754   Section        0  led.o(.text)
    .text                                    0x080007f0   Section        0  oled.o(.text)
    .text                                    0x08000dc4   Section        0  delay.o(.text)
    .text                                    0x08000e98   Section        0  sys.o(.text)
    .text                                    0x08000ea4   Section        0  usart.o(.text)
    .text                                    0x08000fe4   Section       64  startup_stm32f10x_hd.o(.text)
    .text                                    0x08001024   Section        0  system_stm32f10x.o(.text)
    SetSysClockTo72                          0x08001025   Thumb Code   214  system_stm32f10x.o(.text)
    SetSysClock                              0x080010fb   Thumb Code     8  system_stm32f10x.o(.text)
    .text                                    0x080011f4   Section        0  misc.o(.text)
    .text                                    0x080012d0   Section        0  stm32f10x_gpio.o(.text)
    .text                                    0x0800162c   Section        0  stm32f10x_rcc.o(.text)
    .text                                    0x080019d0   Section        0  stm32f10x_usart.o(.text)
    .text                                    0x08001dd8   Section        0  stm32f10x_tim.o(.text)
    TI4_Config                               0x0800227f   Thumb Code   130  stm32f10x_tim.o(.text)
    TI3_Config                               0x08002313   Thumb Code   122  stm32f10x_tim.o(.text)
    TI2_Config                               0x080023a7   Thumb Code   130  stm32f10x_tim.o(.text)
    TI1_Config                               0x0800243b   Thumb Code   108  stm32f10x_tim.o(.text)
    .text                                    0x08002bf2   Section        2  use_no_semi_2.o(.text)
    .text                                    0x08002bf4   Section        0  noretval__2sprintf.o(.text)
    .text                                    0x08002c1c   Section        0  __printf_wp.o(.text)
    .text                                    0x08002d2a   Section      100  rt_memcpy_w.o(.text)
    .text                                    0x08002d8e   Section        0  heapauxi.o(.text)
    .text                                    0x08002d94   Section        2  use_no_semi.o(.text)
    .text                                    0x08002d96   Section        0  _printf_fp_dec.o(.text)
    _fp_digits                               0x08002d99   Thumb Code   432  _printf_fp_dec.o(.text)
    .text                                    0x080031b4   Section        0  _printf_char_common.o(.text)
    _printf_input_char                       0x080031b5   Thumb Code    10  _printf_char_common.o(.text)
    .text                                    0x080031e4   Section        0  _sputc.o(.text)
    .text                                    0x080031f0   Section        8  rt_locale_intlibspace.o(.text)
    .text                                    0x080031f8   Section      138  lludiv10.o(.text)
    .text                                    0x08003284   Section        0  _printf_fp_infnan.o(.text)
    .text                                    0x08003304   Section        0  bigflt0.o(.text)
    .text                                    0x080033e8   Section        8  libspace.o(.text)
    .text                                    0x080033f0   Section       74  sys_stackheap_outer.o(.text)
    .text                                    0x0800343a   Section        0  exit.o(.text)
    .text                                    0x0800344c   Section      128  strcmpv7m.o(.text)
    CL$$btod_d2e                             0x080034cc   Section       62  btod.o(CL$$btod_d2e)
    CL$$btod_d2e_denorm_low                  0x0800350a   Section       70  btod.o(CL$$btod_d2e_denorm_low)
    CL$$btod_d2e_norm_op1                    0x08003550   Section       96  btod.o(CL$$btod_d2e_norm_op1)
    CL$$btod_div_common                      0x080035b0   Section      824  btod.o(CL$$btod_div_common)
    CL$$btod_e2e                             0x080038e8   Section      220  btod.o(CL$$btod_e2e)
    CL$$btod_ediv                            0x080039c4   Section       42  btod.o(CL$$btod_ediv)
    CL$$btod_emul                            0x080039ee   Section       42  btod.o(CL$$btod_emul)
    CL$$btod_mult_common                     0x08003a18   Section      580  btod.o(CL$$btod_mult_common)
    i.__ARM_fpclassify                       0x08003c5c   Section        0  fpclassify.o(i.__ARM_fpclassify)
    i._is_digit                              0x08003c84   Section        0  __printf_wp.o(i._is_digit)
    locale$$code                             0x08003c94   Section       44  lc_numeric_c.o(locale$$code)
    x$fpl$dadd                               0x08003cc0   Section      336  daddsub_clz.o(x$fpl$dadd)
    _dadd1                                   0x08003cd1   Thumb Code     0  daddsub_clz.o(x$fpl$dadd)
    x$fpl$ddiv                               0x08003e10   Section      688  ddiv.o(x$fpl$ddiv)
    ddiv_entry                               0x08003e17   Thumb Code     0  ddiv.o(x$fpl$ddiv)
    x$fpl$dfltu                              0x080040c0   Section       38  dflt_clz.o(x$fpl$dfltu)
    x$fpl$dmul                               0x080040e8   Section      340  dmul.o(x$fpl$dmul)
    x$fpl$dnaninf                            0x0800423c   Section      156  dnaninf.o(x$fpl$dnaninf)
    x$fpl$dretinf                            0x080042d8   Section       12  dretinf.o(x$fpl$dretinf)
    x$fpl$dsub                               0x080042e4   Section      468  daddsub_clz.o(x$fpl$dsub)
    _dsub1                                   0x080042f5   Thumb Code     0  daddsub_clz.o(x$fpl$dsub)
    x$fpl$printf1                            0x080044b8   Section        4  printf1.o(x$fpl$printf1)
    .constdata                               0x080044bc   Section     2072  oled.o(.constdata)
    x$fpl$usenofp                            0x080044bc   Section        0  usenofp.o(x$fpl$usenofp)
    .constdata                               0x08004cd4   Section      148  bigflt0.o(.constdata)
    tenpwrs_x                                0x08004cd4   Data          60  bigflt0.o(.constdata)
    tenpwrs_i                                0x08004d10   Data          64  bigflt0.o(.constdata)
    locale$$data                             0x08004d88   Section       28  lc_numeric_c.o(locale$$data)
    __lcnum_c_name                           0x08004d8c   Data           2  lc_numeric_c.o(locale$$data)
    __lcnum_c_start                          0x08004d94   Data           0  lc_numeric_c.o(locale$$data)
    __lcnum_c_point                          0x08004da0   Data           0  lc_numeric_c.o(locale$$data)
    __lcnum_c_thousands                      0x08004da2   Data           0  lc_numeric_c.o(locale$$data)
    __lcnum_c_grouping                       0x08004da3   Data           0  lc_numeric_c.o(locale$$data)
    __lcnum_c_end                            0x08004da4   Data           0  lc_numeric_c.o(locale$$data)
    .data                                    0x20000000   Section       84  main.o(.data)
    .data                                    0x20000054   Section       24  speedtext.o(.data)
    .data                                    0x2000006c   Section       12  bsp_generaltim.o(.data)
    .data                                    0x20000078   Section      384  oled.o(.data)
    .data                                    0x200001f8   Section        4  delay.o(.data)
    fac_us                                   0x200001f8   Data           1  delay.o(.data)
    fac_ms                                   0x200001fa   Data           2  delay.o(.data)
    .data                                    0x200001fc   Section        6  usart.o(.data)
    .data                                    0x20000204   Section       20  system_stm32f10x.o(.data)
    .data                                    0x20000218   Section       20  stm32f10x_rcc.o(.data)
    APBAHBPrescTable                         0x20000218   Data          16  stm32f10x_rcc.o(.data)
    ADCPrescTable                            0x20000228   Data           4  stm32f10x_rcc.o(.data)
    .bss                                     0x2000022c   Section       24  main.o(.bss)
    .bss                                     0x20000244   Section      200  usart.o(.bss)
    .bss                                     0x2000030c   Section       96  libspace.o(.bss)
    HEAP                                     0x20000370   Section      512  startup_stm32f10x_hd.o(HEAP)
    Heap_Mem                                 0x20000370   Data         512  startup_stm32f10x_hd.o(HEAP)
    STACK                                    0x20000570   Section     1024  startup_stm32f10x_hd.o(STACK)
    Stack_Mem                                0x20000570   Data        1024  startup_stm32f10x_hd.o(STACK)
    __initial_sp                             0x20000970   Data           0  startup_stm32f10x_hd.o(STACK)

    Global Symbols

    Symbol Name                              Value     Ov Type        Size  Object(Section)

    BuildAttributes$$THM_ISAv4$P$D$K$B$S$PE$A:L22UL41UL21$X:L11$S22US41US21$IEEE1$IW$USESV6$~STKCKD$USESV7$~SHL$OTIME$ROPI$IEEEJ$EBA8$UX$STANDARDLIB$REQ8$PRES8$EABIv2 0x00000000   Number         0  anon$$obj.o ABSOLUTE
    __ARM_use_no_argv                        0x00000000   Number         0  main.o ABSOLUTE
    _printf_flags                            0x00000000   Number         0  printf_stubs.o ABSOLUTE
    _printf_return_value                     0x00000000   Number         0  printf_stubs.o ABSOLUTE
    _printf_sizespec                         0x00000000   Number         0  printf_stubs.o ABSOLUTE
    _printf_widthprec                        0x00000000   Number         0  printf_stubs.o ABSOLUTE
    __ARM_exceptions_init                     - Undefined Weak Reference
    __alloca_initialize                       - Undefined Weak Reference
    __arm_preinit_                            - Undefined Weak Reference
    __cpp_initialize__aeabi_                  - Undefined Weak Reference
    __cxa_finalize                            - Undefined Weak Reference
    __sigvec_lookup                           - Undefined Weak Reference
    _atexit_init                              - Undefined Weak Reference
    _call_atexit_fns                          - Undefined Weak Reference
    _clock_init                               - Undefined Weak Reference
    _fp_trap_init                             - Undefined Weak Reference
    _fp_trap_shutdown                         - Undefined Weak Reference
    _get_lc_collate                           - Undefined Weak Reference
    _get_lc_ctype                             - Undefined Weak Reference
    _get_lc_monetary                          - Undefined Weak Reference
    _get_lc_time                              - Undefined Weak Reference
    _getenv_init                              - Undefined Weak Reference
    _handle_redirection                       - Undefined Weak Reference
    _init_alloc                               - Undefined Weak Reference
    _init_user_alloc                          - Undefined Weak Reference
    _initio                                   - Undefined Weak Reference
    _printf_post_padding                      - Undefined Weak Reference
    _printf_pre_padding                       - Undefined Weak Reference
    _rand_init                                - Undefined Weak Reference
    _signal_finish                            - Undefined Weak Reference
    _signal_init                              - Undefined Weak Reference
    _terminate_alloc                          - Undefined Weak Reference
    _terminate_user_alloc                     - Undefined Weak Reference
    _terminateio                              - Undefined Weak Reference
    __Vectors_Size                           0x00000130   Number         0  startup_stm32f10x_hd.o ABSOLUTE
    __Vectors                                0x08000000   Data           4  startup_stm32f10x_hd.o(RESET)
    __Vectors_End                            0x08000130   Data           0  startup_stm32f10x_hd.o(RESET)
    __main                                   0x08000131   Thumb Code     8  __main.o(!!!main)
    __scatterload                            0x08000139   Thumb Code     0  __scatter.o(!!!scatter)
    __scatterload_rt2                        0x08000139   Thumb Code    44  __scatter.o(!!!scatter)
    __scatterload_rt2_thumb_only             0x08000139   Thumb Code     0  __scatter.o(!!!scatter)
    __scatterload_null                       0x08000147   Thumb Code     0  __scatter.o(!!!scatter)
    __decompress                             0x0800016d   Thumb Code    90  __dczerorl2.o(!!dczerorl2)
    __decompress1                            0x0800016d   Thumb Code     0  __dczerorl2.o(!!dczerorl2)
    __scatterload_zeroinit                   0x080001c9   Thumb Code    28  __scatter_zi.o(!!handler_zi)
    _printf_f                                0x080001e5   Thumb Code     0  _printf_f.o(.ARM.Collect$$_printf_percent$$00000003)
    _printf_percent                          0x080001e5   Thumb Code     0  _printf_percent.o(.ARM.Collect$$_printf_percent$$00000000)
    _printf_percent_end                      0x080001eb   Thumb Code     0  _printf_percent_end.o(.ARM.Collect$$_printf_percent$$00000017)
    __rt_lib_init                            0x080001ef   Thumb Code     0  libinit.o(.ARM.Collect$$libinit$$00000000)
    __rt_lib_init_fp_1                       0x080001f1   Thumb Code     0  libinit2.o(.ARM.Collect$$libinit$$00000002)
    __rt_lib_init_heap_1                     0x080001f1   Thumb Code     0  libinit2.o(.ARM.Collect$$libinit$$0000000A)
    __rt_lib_init_lc_common                  0x080001f1   Thumb Code     0  libinit2.o(.ARM.Collect$$libinit$$0000000F)
    __rt_lib_init_preinit_1                  0x080001f1   Thumb Code     0  libinit2.o(.ARM.Collect$$libinit$$00000004)
    __rt_lib_init_rand_1                     0x080001f1   Thumb Code     0  libinit2.o(.ARM.Collect$$libinit$$0000000E)
    __rt_lib_init_user_alloc_1               0x080001f1   Thumb Code     0  libinit2.o(.ARM.Collect$$libinit$$0000000C)
    __rt_lib_init_lc_collate_1               0x080001f7   Thumb Code     0  libinit2.o(.ARM.Collect$$libinit$$00000011)
    __rt_lib_init_lc_ctype_1                 0x080001f7   Thumb Code     0  libinit2.o(.ARM.Collect$$libinit$$00000013)
    __rt_lib_init_lc_monetary_1              0x080001f7   Thumb Code     0  libinit2.o(.ARM.Collect$$libinit$$00000015)
    __rt_lib_init_lc_numeric_2               0x080001f7   Thumb Code     0  libinit2.o(.ARM.Collect$$libinit$$00000016)
    __rt_lib_init_alloca_1                   0x08000201   Thumb Code     0  libinit2.o(.ARM.Collect$$libinit$$0000002E)
    __rt_lib_init_argv_1                     0x08000201   Thumb Code     0  libinit2.o(.ARM.Collect$$libinit$$0000002C)
    __rt_lib_init_atexit_1                   0x08000201   Thumb Code     0  libinit2.o(.ARM.Collect$$libinit$$0000001B)
    __rt_lib_init_clock_1                    0x08000201   Thumb Code     0  libinit2.o(.ARM.Collect$$libinit$$00000021)
    __rt_lib_init_cpp_1                      0x08000201   Thumb Code     0  libinit2.o(.ARM.Collect$$libinit$$00000032)
    __rt_lib_init_exceptions_1               0x08000201   Thumb Code     0  libinit2.o(.ARM.Collect$$libinit$$00000030)
    __rt_lib_init_fp_trap_1                  0x08000201   Thumb Code     0  libinit2.o(.ARM.Collect$$libinit$$0000001F)
    __rt_lib_init_getenv_1                   0x08000201   Thumb Code     0  libinit2.o(.ARM.Collect$$libinit$$00000023)
    __rt_lib_init_lc_numeric_1               0x08000201   Thumb Code     0  libinit2.o(.ARM.Collect$$libinit$$00000017)
    __rt_lib_init_lc_time_1                  0x08000201   Thumb Code     0  libinit2.o(.ARM.Collect$$libinit$$00000019)
    __rt_lib_init_return                     0x08000201   Thumb Code     0  libinit2.o(.ARM.Collect$$libinit$$00000033)
    __rt_lib_init_signal_1                   0x08000201   Thumb Code     0  libinit2.o(.ARM.Collect$$libinit$$0000001D)
    __rt_lib_init_stdio_1                    0x08000201   Thumb Code     0  libinit2.o(.ARM.Collect$$libinit$$00000025)
    __rt_lib_shutdown                        0x08000203   Thumb Code     0  libshutdown.o(.ARM.Collect$$libshutdown$$00000000)
    __rt_lib_shutdown_cpp_1                  0x08000205   Thumb Code     0  libshutdown2.o(.ARM.Collect$$libshutdown$$00000002)
    __rt_lib_shutdown_fp_trap_1              0x08000205   Thumb Code     0  libshutdown2.o(.ARM.Collect$$libshutdown$$00000007)
    __rt_lib_shutdown_heap_1                 0x08000205   Thumb Code     0  libshutdown2.o(.ARM.Collect$$libshutdown$$0000000F)
    __rt_lib_shutdown_return                 0x08000205   Thumb Code     0  libshutdown2.o(.ARM.Collect$$libshutdown$$00000010)
    __rt_lib_shutdown_signal_1               0x08000205   Thumb Code     0  libshutdown2.o(.ARM.Collect$$libshutdown$$0000000A)
    __rt_lib_shutdown_stdio_1                0x08000205   Thumb Code     0  libshutdown2.o(.ARM.Collect$$libshutdown$$00000004)
    __rt_lib_shutdown_user_alloc_1           0x08000205   Thumb Code     0  libshutdown2.o(.ARM.Collect$$libshutdown$$0000000C)
    __rt_entry                               0x08000207   Thumb Code     0  __rtentry.o(.ARM.Collect$$rtentry$$00000000)
    __rt_entry_presh_1                       0x08000207   Thumb Code     0  __rtentry2.o(.ARM.Collect$$rtentry$$00000002)
    __rt_entry_sh                            0x08000207   Thumb Code     0  __rtentry4.o(.ARM.Collect$$rtentry$$00000004)
    __rt_entry_li                            0x0800020d   Thumb Code     0  __rtentry2.o(.ARM.Collect$$rtentry$$0000000A)
    __rt_entry_postsh_1                      0x0800020d   Thumb Code     0  __rtentry2.o(.ARM.Collect$$rtentry$$00000009)
    __rt_entry_main                          0x08000211   Thumb Code     0  __rtentry2.o(.ARM.Collect$$rtentry$$0000000D)
    __rt_entry_postli_1                      0x08000211   Thumb Code     0  __rtentry2.o(.ARM.Collect$$rtentry$$0000000C)
    __rt_exit                                0x08000219   Thumb Code     0  rtexit.o(.ARM.Collect$$rtexit$$00000000)
    __rt_exit_ls                             0x0800021b   Thumb Code     0  rtexit2.o(.ARM.Collect$$rtexit$$00000003)
    __rt_exit_prels_1                        0x0800021b   Thumb Code     0  rtexit2.o(.ARM.Collect$$rtexit$$00000002)
    __rt_exit_exit                           0x0800021f   Thumb Code     0  rtexit2.o(.ARM.Collect$$rtexit$$00000004)
    main                                     0x08000225   Thumb Code   400  main.o(.text)
    get_capture_Time                         0x080003b5   Thumb Code    16  main.o(.text)
    NMI_Handler                              0x08000429   Thumb Code     2  stm32f10x_it.o(.text)
    HardFault_Handler                        0x0800042b   Thumb Code     4  stm32f10x_it.o(.text)
    MemManage_Handler                        0x0800042f   Thumb Code     4  stm32f10x_it.o(.text)
    BusFault_Handler                         0x08000433   Thumb Code     4  stm32f10x_it.o(.text)
    UsageFault_Handler                       0x08000437   Thumb Code     4  stm32f10x_it.o(.text)
    SVC_Handler                              0x0800043b   Thumb Code     2  stm32f10x_it.o(.text)
    DebugMon_Handler                         0x0800043d   Thumb Code     2  stm32f10x_it.o(.text)
    PendSV_Handler                           0x0800043f   Thumb Code     2  stm32f10x_it.o(.text)
    SysTick_Handler                          0x08000441   Thumb Code     2  stm32f10x_it.o(.text)
    TIM2_IRQHandler                          0x08000443   Thumb Code   416  stm32f10x_it.o(.text)
    Senor_GPIOInit                           0x080005f5   Thumb Code    46  speedtext.o(.text)
    InitAll                                  0x08000623   Thumb Code    24  speedtext.o(.text)
    InputCheck                               0x0800063b   Thumb Code     4  speedtext.o(.text)
    GENERAL_TIM_Init                         0x08000743   Thumb Code    12  bsp_generaltim.o(.text)
    LED_GPIO_Config                          0x08000755   Thumb Code    50  led.o(.text)
    Key_GPIO_Config                          0x08000787   Thumb Code    32  led.o(.text)
    Key_Scan                                 0x080007a7   Thumb Code    64  led.o(.text)
    IIC_Start                                0x080007f1   Thumb Code    36  oled.o(.text)
    IIC_Stop                                 0x08000815   Thumb Code    28  oled.o(.text)
    IIC_Wait_Ack                             0x08000831   Thumb Code    20  oled.o(.text)
    Write_IIC_Byte                           0x08000845   Thumb Code    80  oled.o(.text)
    Write_IIC_Command                        0x08000895   Thumb Code    44  oled.o(.text)
    Write_IIC_Data                           0x080008c1   Thumb Code    44  oled.o(.text)
    OLED_WR_Byte                             0x080008ed   Thumb Code    24  oled.o(.text)
    fill_picture                             0x08000905   Thumb Code    64  oled.o(.text)
    Delay_50ms                               0x08000945   Thumb Code    22  oled.o(.text)
    Delay_1ms                                0x0800095b   Thumb Code    26  oled.o(.text)
    OLED_Set_Pos                             0x08000975   Thumb Code    40  oled.o(.text)
    OLED_Display_On                          0x0800099d   Thumb Code    28  oled.o(.text)
    OLED_Display_Off                         0x080009b9   Thumb Code    28  oled.o(.text)
    OLED_Clear                               0x080009d5   Thumb Code    64  oled.o(.text)
    OLED_On                                  0x08000a15   Thumb Code    62  oled.o(.text)
    OLED_ShowChar                            0x08000a53   Thumb Code   154  oled.o(.text)
    oled_pow                                 0x08000aed   Thumb Code    22  oled.o(.text)
    OLED_ShowNum                             0x08000b03   Thumb Code   136  oled.o(.text)
    OLED_ShowString                          0x08000b8b   Thumb Code    58  oled.o(.text)
    OLED_ShowCHinese                         0x08000bc5   Thumb Code   110  oled.o(.text)
    OLED_DrawBMP                             0x08000c33   Thumb Code   118  oled.o(.text)
    OLED_Init                                0x08000ca9   Thumb Code   276  oled.o(.text)
    delay_init                               0x08000dc5   Thumb Code    50  delay.o(.text)
    delay_us                                 0x08000df7   Thumb Code    72  delay.o(.text)
    delay_ms                                 0x08000e3f   Thumb Code    72  delay.o(.text)
    NVIC_Configuration                       0x08000e99   Thumb Code    12  sys.o(.text)
    _sys_exit                                0x08000ea5   Thumb Code     6  usart.o(.text)
    fputc                                    0x08000eab   Thumb Code    24  usart.o(.text)
    uart_init                                0x08000ec3   Thumb Code   152  usart.o(.text)
    USART1_IRQHandler                        0x08000f5b   Thumb Code   122  usart.o(.text)
    Reset_Handler                            0x08000fe5   Thumb Code     8  startup_stm32f10x_hd.o(.text)
    ADC1_2_IRQHandler                        0x08000fff   Thumb Code     0  startup_stm32f10x_hd.o(.text)
    ADC3_IRQHandler                          0x08000fff   Thumb Code     0  startup_stm32f10x_hd.o(.text)
    CAN1_RX1_IRQHandler                      0x08000fff   Thumb Code     0  startup_stm32f10x_hd.o(.text)
    CAN1_SCE_IRQHandler                      0x08000fff   Thumb Code     0  startup_stm32f10x_hd.o(.text)
    DMA1_Channel1_IRQHandler                 0x08000fff   Thumb Code     0  startup_stm32f10x_hd.o(.text)
    DMA1_Channel2_IRQHandler                 0x08000fff   Thumb Code     0  startup_stm32f10x_hd.o(.text)
    DMA1_Channel3_IRQHandler                 0x08000fff   Thumb Code     0  startup_stm32f10x_hd.o(.text)
    DMA1_Channel4_IRQHandler                 0x08000fff   Thumb Code     0  startup_stm32f10x_hd.o(.text)
    DMA1_Channel5_IRQHandler                 0x08000fff   Thumb Code     0  startup_stm32f10x_hd.o(.text)
    DMA1_Channel6_IRQHandler                 0x08000fff   Thumb Code     0  startup_stm32f10x_hd.o(.text)
    DMA1_Channel7_IRQHandler                 0x08000fff   Thumb Code     0  startup_stm32f10x_hd.o(.text)
    DMA2_Channel1_IRQHandler                 0x08000fff   Thumb Code     0  startup_stm32f10x_hd.o(.text)
    DMA2_Channel2_IRQHandler                 0x08000fff   Thumb Code     0  startup_stm32f10x_hd.o(.text)
    DMA2_Channel3_IRQHandler                 0x08000fff   Thumb Code     0  startup_stm32f10x_hd.o(.text)
    DMA2_Channel4_5_IRQHandler               0x08000fff   Thumb Code     0  startup_stm32f10x_hd.o(.text)
    EXTI0_IRQHandler                         0x08000fff   Thumb Code     0  startup_stm32f10x_hd.o(.text)
    EXTI15_10_IRQHandler                     0x08000fff   Thumb Code     0  startup_stm32f10x_hd.o(.text)
    EXTI1_IRQHandler                         0x08000fff   Thumb Code     0  startup_stm32f10x_hd.o(.text)
    EXTI2_IRQHandler                         0x08000fff   Thumb Code     0  startup_stm32f10x_hd.o(.text)
    EXTI3_IRQHandler                         0x08000fff   Thumb Code     0  startup_stm32f10x_hd.o(.text)
    EXTI4_IRQHandler                         0x08000fff   Thumb Code     0  startup_stm32f10x_hd.o(.text)
    EXTI9_5_IRQHandler                       0x08000fff   Thumb Code     0  startup_stm32f10x_hd.o(.text)
    FLASH_IRQHandler                         0x08000fff   Thumb Code     0  startup_stm32f10x_hd.o(.text)
    FSMC_IRQHandler                          0x08000fff   Thumb Code     0  startup_stm32f10x_hd.o(.text)
    I2C1_ER_IRQHandler                       0x08000fff   Thumb Code     0  startup_stm32f10x_hd.o(.text)
    I2C1_EV_IRQHandler                       0x08000fff   Thumb Code     0  startup_stm32f10x_hd.o(.text)
    I2C2_ER_IRQHandler                       0x08000fff   Thumb Code     0  startup_stm32f10x_hd.o(.text)
    I2C2_EV_IRQHandler                       0x08000fff   Thumb Code     0  startup_stm32f10x_hd.o(.text)
    PVD_IRQHandler                           0x08000fff   Thumb Code     0  startup_stm32f10x_hd.o(.text)
    RCC_IRQHandler                           0x08000fff   Thumb Code     0  startup_stm32f10x_hd.o(.text)
    RTCAlarm_IRQHandler                      0x08000fff   Thumb Code     0  startup_stm32f10x_hd.o(.text)
    RTC_IRQHandler                           0x08000fff   Thumb Code     0  startup_stm32f10x_hd.o(.text)
    SDIO_IRQHandler                          0x08000fff   Thumb Code     0  startup_stm32f10x_hd.o(.text)
    SPI1_IRQHandler                          0x08000fff   Thumb Code     0  startup_stm32f10x_hd.o(.text)
    SPI2_IRQHandler                          0x08000fff   Thumb Code     0  startup_stm32f10x_hd.o(.text)
    SPI3_IRQHandler                          0x08000fff   Thumb Code     0  startup_stm32f10x_hd.o(.text)
    TAMPER_IRQHandler                        0x08000fff   Thumb Code     0  startup_stm32f10x_hd.o(.text)
    TIM1_BRK_IRQHandler                      0x08000fff   Thumb Code     0  startup_stm32f10x_hd.o(.text)
    TIM1_CC_IRQHandler                       0x08000fff   Thumb Code     0  startup_stm32f10x_hd.o(.text)
    TIM1_TRG_COM_IRQHandler                  0x08000fff   Thumb Code     0  startup_stm32f10x_hd.o(.text)
    TIM1_UP_IRQHandler                       0x08000fff   Thumb Code     0  startup_stm32f10x_hd.o(.text)
    TIM3_IRQHandler                          0x08000fff   Thumb Code     0  startup_stm32f10x_hd.o(.text)
    TIM4_IRQHandler                          0x08000fff   Thumb Code     0  startup_stm32f10x_hd.o(.text)
    TIM5_IRQHandler                          0x08000fff   Thumb Code     0  startup_stm32f10x_hd.o(.text)
    TIM6_IRQHandler                          0x08000fff   Thumb Code     0  startup_stm32f10x_hd.o(.text)
    TIM7_IRQHandler                          0x08000fff   Thumb Code     0  startup_stm32f10x_hd.o(.text)
    TIM8_BRK_IRQHandler                      0x08000fff   Thumb Code     0  startup_stm32f10x_hd.o(.text)
    TIM8_CC_IRQHandler                       0x08000fff   Thumb Code     0  startup_stm32f10x_hd.o(.text)
    TIM8_TRG_COM_IRQHandler                  0x08000fff   Thumb Code     0  startup_stm32f10x_hd.o(.text)
    TIM8_UP_IRQHandler                       0x08000fff   Thumb Code     0  startup_stm32f10x_hd.o(.text)
    UART4_IRQHandler                         0x08000fff   Thumb Code     0  startup_stm32f10x_hd.o(.text)
    UART5_IRQHandler                         0x08000fff   Thumb Code     0  startup_stm32f10x_hd.o(.text)
    USART2_IRQHandler                        0x08000fff   Thumb Code     0  startup_stm32f10x_hd.o(.text)
    USART3_IRQHandler                        0x08000fff   Thumb Code     0  startup_stm32f10x_hd.o(.text)
    USBWakeUp_IRQHandler                     0x08000fff   Thumb Code     0  startup_stm32f10x_hd.o(.text)
    USB_HP_CAN1_TX_IRQHandler                0x08000fff   Thumb Code     0  startup_stm32f10x_hd.o(.text)
    USB_LP_CAN1_RX0_IRQHandler               0x08000fff   Thumb Code     0  startup_stm32f10x_hd.o(.text)
    WWDG_IRQHandler                          0x08000fff   Thumb Code     0  startup_stm32f10x_hd.o(.text)
    __user_initial_stackheap                 0x08001001   Thumb Code     0  startup_stm32f10x_hd.o(.text)
    SystemInit                               0x08001103   Thumb Code    68  system_stm32f10x.o(.text)
    SystemCoreClockUpdate                    0x08001147   Thumb Code   142  system_stm32f10x.o(.text)
    NVIC_PriorityGroupConfig                 0x080011f5   Thumb Code    10  misc.o(.text)
    NVIC_Init                                0x080011ff   Thumb Code   100  misc.o(.text)
    NVIC_SetVectorTable                      0x08001263   Thumb Code    14  misc.o(.text)
    NVIC_SystemLPConfig                      0x08001271   Thumb Code    34  misc.o(.text)
    SysTick_CLKSourceConfig                  0x08001293   Thumb Code    40  misc.o(.text)
    GPIO_DeInit                              0x080012d1   Thumb Code   172  stm32f10x_gpio.o(.text)
    GPIO_AFIODeInit                          0x0800137d   Thumb Code    20  stm32f10x_gpio.o(.text)
    GPIO_Init                                0x08001391   Thumb Code   278  stm32f10x_gpio.o(.text)
    GPIO_StructInit                          0x080014a7   Thumb Code    16  stm32f10x_gpio.o(.text)
    GPIO_ReadInputDataBit                    0x080014b7   Thumb Code    18  stm32f10x_gpio.o(.text)
    GPIO_ReadInputData                       0x080014c9   Thumb Code     8  stm32f10x_gpio.o(.text)
    GPIO_ReadOutputDataBit                   0x080014d1   Thumb Code    18  stm32f10x_gpio.o(.text)
    GPIO_ReadOutputData                      0x080014e3   Thumb Code     8  stm32f10x_gpio.o(.text)
    GPIO_SetBits                             0x080014eb   Thumb Code     4  stm32f10x_gpio.o(.text)
    GPIO_ResetBits                           0x080014ef   Thumb Code     4  stm32f10x_gpio.o(.text)
    GPIO_WriteBit                            0x080014f3   Thumb Code    10  stm32f10x_gpio.o(.text)
    GPIO_Write                               0x080014fd   Thumb Code     4  stm32f10x_gpio.o(.text)
    GPIO_PinLockConfig                       0x08001501   Thumb Code    18  stm32f10x_gpio.o(.text)
    GPIO_EventOutputConfig                   0x08001513   Thumb Code    26  stm32f10x_gpio.o(.text)
    GPIO_EventOutputCmd                      0x0800152d   Thumb Code     6  stm32f10x_gpio.o(.text)
    GPIO_PinRemapConfig                      0x08001533   Thumb Code   138  stm32f10x_gpio.o(.text)
    GPIO_EXTILineConfig                      0x080015bd   Thumb Code    66  stm32f10x_gpio.o(.text)
    GPIO_ETH_MediaInterfaceConfig            0x080015ff   Thumb Code     8  stm32f10x_gpio.o(.text)
    RCC_DeInit                               0x0800162d   Thumb Code    64  stm32f10x_rcc.o(.text)
    RCC_HSEConfig                            0x0800166d   Thumb Code    70  stm32f10x_rcc.o(.text)
    RCC_GetFlagStatus                        0x080016b3   Thumb Code    56  stm32f10x_rcc.o(.text)
    RCC_WaitForHSEStartUp                    0x080016eb   Thumb Code    56  stm32f10x_rcc.o(.text)
    RCC_AdjustHSICalibrationValue            0x08001723   Thumb Code    20  stm32f10x_rcc.o(.text)
    RCC_HSICmd                               0x08001737   Thumb Code     6  stm32f10x_rcc.o(.text)
    RCC_PLLConfig                            0x0800173d   Thumb Code    24  stm32f10x_rcc.o(.text)
    RCC_PLLCmd                               0x08001755   Thumb Code     6  stm32f10x_rcc.o(.text)
    RCC_SYSCLKConfig                         0x0800175b   Thumb Code    18  stm32f10x_rcc.o(.text)
    RCC_GetSYSCLKSource                      0x0800176d   Thumb Code    10  stm32f10x_rcc.o(.text)
    RCC_HCLKConfig                           0x08001777   Thumb Code    18  stm32f10x_rcc.o(.text)
    RCC_PCLK1Config                          0x08001789   Thumb Code    18  stm32f10x_rcc.o(.text)
    RCC_PCLK2Config                          0x0800179b   Thumb Code    20  stm32f10x_rcc.o(.text)
    RCC_ITConfig                             0x080017af   Thumb Code    26  stm32f10x_rcc.o(.text)
    RCC_USBCLKConfig                         0x080017c9   Thumb Code     8  stm32f10x_rcc.o(.text)
    RCC_ADCCLKConfig                         0x080017d1   Thumb Code    18  stm32f10x_rcc.o(.text)
    RCC_LSEConfig                            0x080017e3   Thumb Code    50  stm32f10x_rcc.o(.text)
    RCC_LSICmd                               0x08001815   Thumb Code     6  stm32f10x_rcc.o(.text)
    RCC_RTCCLKConfig                         0x0800181b   Thumb Code    12  stm32f10x_rcc.o(.text)
    RCC_RTCCLKCmd                            0x08001827   Thumb Code     8  stm32f10x_rcc.o(.text)
    RCC_GetClocksFreq                        0x0800182f   Thumb Code   192  stm32f10x_rcc.o(.text)
    RCC_AHBPeriphClockCmd                    0x080018ef   Thumb Code    26  stm32f10x_rcc.o(.text)
    RCC_APB2PeriphClockCmd                   0x08001909   Thumb Code    26  stm32f10x_rcc.o(.text)
    RCC_APB1PeriphClockCmd                   0x08001923   Thumb Code    26  stm32f10x_rcc.o(.text)
    RCC_APB2PeriphResetCmd                   0x0800193d   Thumb Code    26  stm32f10x_rcc.o(.text)
    RCC_APB1PeriphResetCmd                   0x08001957   Thumb Code    26  stm32f10x_rcc.o(.text)
    RCC_BackupResetCmd                       0x08001971   Thumb Code     8  stm32f10x_rcc.o(.text)
    RCC_ClockSecuritySystemCmd               0x08001979   Thumb Code     6  stm32f10x_rcc.o(.text)
    RCC_MCOConfig                            0x0800197f   Thumb Code     6  stm32f10x_rcc.o(.text)
    RCC_ClearFlag                            0x08001985   Thumb Code    14  stm32f10x_rcc.o(.text)
    RCC_GetITStatus                          0x08001993   Thumb Code    20  stm32f10x_rcc.o(.text)
    RCC_ClearITPendingBit                    0x080019a7   Thumb Code     6  stm32f10x_rcc.o(.text)
    USART_DeInit                             0x080019d1   Thumb Code   134  stm32f10x_usart.o(.text)
    USART_Init                               0x08001a57   Thumb Code   210  stm32f10x_usart.o(.text)
    USART_StructInit                         0x08001b29   Thumb Code    24  stm32f10x_usart.o(.text)
    USART_ClockInit                          0x08001b41   Thumb Code    34  stm32f10x_usart.o(.text)
    USART_ClockStructInit                    0x08001b63   Thumb Code    12  stm32f10x_usart.o(.text)
    USART_Cmd                                0x08001b6f   Thumb Code    24  stm32f10x_usart.o(.text)
    USART_ITConfig                           0x08001b87   Thumb Code    74  stm32f10x_usart.o(.text)
    USART_DMACmd                             0x08001bd1   Thumb Code    18  stm32f10x_usart.o(.text)
    USART_SetAddress                         0x08001be3   Thumb Code    18  stm32f10x_usart.o(.text)
    USART_WakeUpConfig                       0x08001bf5   Thumb Code    18  stm32f10x_usart.o(.text)
    USART_ReceiverWakeUpCmd                  0x08001c07   Thumb Code    24  stm32f10x_usart.o(.text)
    USART_LINBreakDetectLengthConfig         0x08001c1f   Thumb Code    18  stm32f10x_usart.o(.text)
    USART_LINCmd                             0x08001c31   Thumb Code    24  stm32f10x_usart.o(.text)
    USART_SendData                           0x08001c49   Thumb Code     8  stm32f10x_usart.o(.text)
    USART_ReceiveData                        0x08001c51   Thumb Code    10  stm32f10x_usart.o(.text)
    USART_SendBreak                          0x08001c5b   Thumb Code    10  stm32f10x_usart.o(.text)
    USART_SetGuardTime                       0x08001c65   Thumb Code    16  stm32f10x_usart.o(.text)
    USART_SetPrescaler                       0x08001c75   Thumb Code    16  stm32f10x_usart.o(.text)
    USART_SmartCardCmd                       0x08001c85   Thumb Code    24  stm32f10x_usart.o(.text)
    USART_SmartCardNACKCmd                   0x08001c9d   Thumb Code    24  stm32f10x_usart.o(.text)
    USART_HalfDuplexCmd                      0x08001cb5   Thumb Code    24  stm32f10x_usart.o(.text)
    USART_OverSampling8Cmd                   0x08001ccd   Thumb Code    22  stm32f10x_usart.o(.text)
    USART_OneBitMethodCmd                    0x08001ce3   Thumb Code    24  stm32f10x_usart.o(.text)
    USART_IrDAConfig                         0x08001cfb   Thumb Code    18  stm32f10x_usart.o(.text)
    USART_IrDACmd                            0x08001d0d   Thumb Code    24  stm32f10x_usart.o(.text)
    USART_GetFlagStatus                      0x08001d25   Thumb Code    26  stm32f10x_usart.o(.text)
    USART_ClearFlag                          0x08001d3f   Thumb Code    18  stm32f10x_usart.o(.text)
    USART_GetITStatus                        0x08001d51   Thumb Code    84  stm32f10x_usart.o(.text)
    USART_ClearITPendingBit                  0x08001da5   Thumb Code    52  stm32f10x_usart.o(.text)
    TIM_DeInit                               0x08001dd9   Thumb Code   424  stm32f10x_tim.o(.text)
    TIM_TimeBaseInit                         0x08001f81   Thumb Code   122  stm32f10x_tim.o(.text)
    TIM_OC1Init                              0x08001ffb   Thumb Code   132  stm32f10x_tim.o(.text)
    TIM_OC2Init                              0x0800207f   Thumb Code   154  stm32f10x_tim.o(.text)
    TIM_OC3Init                              0x08002119   Thumb Code   150  stm32f10x_tim.o(.text)
    TIM_OC4Init                              0x080021af   Thumb Code   182  stm32f10x_tim.o(.text)
    TIM_SetIC4Prescaler                      0x08002265   Thumb Code    26  stm32f10x_tim.o(.text)
    TIM_SetIC3Prescaler                      0x08002301   Thumb Code    18  stm32f10x_tim.o(.text)
    TIM_SetIC2Prescaler                      0x0800238d   Thumb Code    26  stm32f10x_tim.o(.text)
    TIM_SetIC1Prescaler                      0x08002429   Thumb Code    18  stm32f10x_tim.o(.text)
    TIM_ICInit                               0x080024a7   Thumb Code   150  stm32f10x_tim.o(.text)
    TIM_PWMIConfig                           0x0800253d   Thumb Code   124  stm32f10x_tim.o(.text)
    TIM_BDTRConfig                           0x080025b9   Thumb Code    32  stm32f10x_tim.o(.text)
    TIM_TimeBaseStructInit                   0x080025d9   Thumb Code    18  stm32f10x_tim.o(.text)
    TIM_OCStructInit                         0x080025eb   Thumb Code    20  stm32f10x_tim.o(.text)
    TIM_ICStructInit                         0x080025ff   Thumb Code    18  stm32f10x_tim.o(.text)
    TIM_BDTRStructInit                       0x08002611   Thumb Code    40  stm32f10x_tim.o(.text)
    TIM_Cmd                                  0x08002639   Thumb Code    24  stm32f10x_tim.o(.text)
    TIM_CtrlPWMOutputs                       0x08002651   Thumb Code    30  stm32f10x_tim.o(.text)
    TIM_ITConfig                             0x0800266f   Thumb Code    18  stm32f10x_tim.o(.text)
    TIM_GenerateEvent                        0x08002681   Thumb Code     4  stm32f10x_tim.o(.text)
    TIM_DMAConfig                            0x08002685   Thumb Code    10  stm32f10x_tim.o(.text)
    TIM_DMACmd                               0x0800268f   Thumb Code    18  stm32f10x_tim.o(.text)
    TIM_InternalClockConfig                  0x080026a1   Thumb Code    12  stm32f10x_tim.o(.text)
    TIM_SelectInputTrigger                   0x080026ad   Thumb Code    18  stm32f10x_tim.o(.text)
    TIM_ITRxExternalClockConfig              0x080026bf   Thumb Code    24  stm32f10x_tim.o(.text)
    TIM_TIxExternalClockConfig               0x080026d7   Thumb Code    62  stm32f10x_tim.o(.text)
    TIM_ETRConfig                            0x08002715   Thumb Code    28  stm32f10x_tim.o(.text)
    TIM_ETRClockMode1Config                  0x08002731   Thumb Code    54  stm32f10x_tim.o(.text)
    TIM_ETRClockMode2Config                  0x08002767   Thumb Code    32  stm32f10x_tim.o(.text)
    TIM_PrescalerConfig                      0x08002787   Thumb Code     6  stm32f10x_tim.o(.text)
    TIM_CounterModeConfig                    0x0800278d   Thumb Code    18  stm32f10x_tim.o(.text)
    TIM_EncoderInterfaceConfig               0x0800279f   Thumb Code    66  stm32f10x_tim.o(.text)
    TIM_ForcedOC1Config                      0x080027e1   Thumb Code    18  stm32f10x_tim.o(.text)
    TIM_ForcedOC2Config                      0x080027f3   Thumb Code    26  stm32f10x_tim.o(.text)
    TIM_ForcedOC3Config                      0x0800280d   Thumb Code    18  stm32f10x_tim.o(.text)
    TIM_ForcedOC4Config                      0x0800281f   Thumb Code    26  stm32f10x_tim.o(.text)
    TIM_ARRPreloadConfig                     0x08002839   Thumb Code    24  stm32f10x_tim.o(.text)
    TIM_SelectCOM                            0x08002851   Thumb Code    24  stm32f10x_tim.o(.text)
    TIM_SelectCCDMA                          0x08002869   Thumb Code    24  stm32f10x_tim.o(.text)
    TIM_CCPreloadControl                     0x08002881   Thumb Code    24  stm32f10x_tim.o(.text)
    TIM_OC1PreloadConfig                     0x08002899   Thumb Code    18  stm32f10x_tim.o(.text)
    TIM_OC2PreloadConfig                     0x080028ab   Thumb Code    26  stm32f10x_tim.o(.text)
    TIM_OC3PreloadConfig                     0x080028c5   Thumb Code    18  stm32f10x_tim.o(.text)
    TIM_OC4PreloadConfig                     0x080028d7   Thumb Code    26  stm32f10x_tim.o(.text)
    TIM_OC1FastConfig                        0x080028f1   Thumb Code    18  stm32f10x_tim.o(.text)
    TIM_OC2FastConfig                        0x08002903   Thumb Code    26  stm32f10x_tim.o(.text)
    TIM_OC3FastConfig                        0x0800291d   Thumb Code    18  stm32f10x_tim.o(.text)
    TIM_OC4FastConfig                        0x0800292f   Thumb Code    26  stm32f10x_tim.o(.text)
    TIM_ClearOC1Ref                          0x08002949   Thumb Code    18  stm32f10x_tim.o(.text)
    TIM_ClearOC2Ref                          0x0800295b   Thumb Code    24  stm32f10x_tim.o(.text)
    TIM_ClearOC3Ref                          0x08002973   Thumb Code    18  stm32f10x_tim.o(.text)
    TIM_ClearOC4Ref                          0x08002985   Thumb Code    24  stm32f10x_tim.o(.text)
    TIM_OC1PolarityConfig                    0x0800299d   Thumb Code    18  stm32f10x_tim.o(.text)
    TIM_OC1NPolarityConfig                   0x080029af   Thumb Code    18  stm32f10x_tim.o(.text)
    TIM_OC2PolarityConfig                    0x080029c1   Thumb Code    26  stm32f10x_tim.o(.text)
    TIM_OC2NPolarityConfig                   0x080029db   Thumb Code    26  stm32f10x_tim.o(.text)
    TIM_OC3PolarityConfig                    0x080029f5   Thumb Code    26  stm32f10x_tim.o(.text)
    TIM_OC3NPolarityConfig                   0x08002a0f   Thumb Code    26  stm32f10x_tim.o(.text)
    TIM_OC4PolarityConfig                    0x08002a29   Thumb Code    26  stm32f10x_tim.o(.text)
    TIM_CCxCmd                               0x08002a43   Thumb Code    30  stm32f10x_tim.o(.text)
    TIM_CCxNCmd                              0x08002a61   Thumb Code    30  stm32f10x_tim.o(.text)
    TIM_SelectOCxM                           0x08002a7f   Thumb Code    82  stm32f10x_tim.o(.text)
    TIM_UpdateDisableConfig                  0x08002ad1   Thumb Code    24  stm32f10x_tim.o(.text)
    TIM_UpdateRequestConfig                  0x08002ae9   Thumb Code    24  stm32f10x_tim.o(.text)
    TIM_SelectHallSensor                     0x08002b01   Thumb Code    24  stm32f10x_tim.o(.text)
    TIM_SelectOnePulseMode                   0x08002b19   Thumb Code    18  stm32f10x_tim.o(.text)
    TIM_SelectOutputTrigger                  0x08002b2b   Thumb Code    18  stm32f10x_tim.o(.text)
    TIM_SelectSlaveMode                      0x08002b3d   Thumb Code    18  stm32f10x_tim.o(.text)
    TIM_SelectMasterSlaveMode                0x08002b4f   Thumb Code    18  stm32f10x_tim.o(.text)
    TIM_SetCounter                           0x08002b61   Thumb Code     4  stm32f10x_tim.o(.text)
    TIM_SetAutoreload                        0x08002b65   Thumb Code     4  stm32f10x_tim.o(.text)
    TIM_SetCompare1                          0x08002b69   Thumb Code     4  stm32f10x_tim.o(.text)
    TIM_SetCompare2                          0x08002b6d   Thumb Code     4  stm32f10x_tim.o(.text)
    TIM_SetCompare3                          0x08002b71   Thumb Code     4  stm32f10x_tim.o(.text)
    TIM_SetCompare4                          0x08002b75   Thumb Code     6  stm32f10x_tim.o(.text)
    TIM_SetClockDivision                     0x08002b7b   Thumb Code    18  stm32f10x_tim.o(.text)
    TIM_GetCapture1                          0x08002b8d   Thumb Code     6  stm32f10x_tim.o(.text)
    TIM_GetCapture2                          0x08002b93   Thumb Code     6  stm32f10x_tim.o(.text)
    TIM_GetCapture3                          0x08002b99   Thumb Code     6  stm32f10x_tim.o(.text)
    TIM_GetCapture4                          0x08002b9f   Thumb Code     8  stm32f10x_tim.o(.text)
    TIM_GetCounter                           0x08002ba7   Thumb Code     6  stm32f10x_tim.o(.text)
    TIM_GetPrescaler                         0x08002bad   Thumb Code     6  stm32f10x_tim.o(.text)
    TIM_GetFlagStatus                        0x08002bb3   Thumb Code    18  stm32f10x_tim.o(.text)
    TIM_ClearFlag                            0x08002bc5   Thumb Code     6  stm32f10x_tim.o(.text)
    TIM_GetITStatus                          0x08002bcb   Thumb Code    34  stm32f10x_tim.o(.text)
    TIM_ClearITPendingBit                    0x08002bed   Thumb Code     6  stm32f10x_tim.o(.text)
    __use_no_semihosting                     0x08002bf3   Thumb Code     2  use_no_semi_2.o(.text)
    __2sprintf                               0x08002bf5   Thumb Code    34  noretval__2sprintf.o(.text)
    __printf                                 0x08002c1d   Thumb Code   270  __printf_wp.o(.text)
    __aeabi_memcpy4                          0x08002d2b   Thumb Code     0  rt_memcpy_w.o(.text)
    __aeabi_memcpy8                          0x08002d2b   Thumb Code     0  rt_memcpy_w.o(.text)
    __rt_memcpy_w                            0x08002d2b   Thumb Code   100  rt_memcpy_w.o(.text)
    _memcpy_lastbytes_aligned                0x08002d73   Thumb Code     0  rt_memcpy_w.o(.text)
    __use_two_region_memory                  0x08002d8f   Thumb Code     2  heapauxi.o(.text)
    __rt_heap_escrow$2region                 0x08002d91   Thumb Code     2  heapauxi.o(.text)
    __rt_heap_expand$2region                 0x08002d93   Thumb Code     2  heapauxi.o(.text)
    __I$use$semihosting                      0x08002d95   Thumb Code     0  use_no_semi.o(.text)
    __use_no_semihosting_swi                 0x08002d95   Thumb Code     2  use_no_semi.o(.text)
    __lib_sel_fp_printf                      0x08002d97   Thumb Code     2  _printf_fp_dec.o(.text)
    _printf_fp_dec_real                      0x08002f49   Thumb Code   620  _printf_fp_dec.o(.text)
    _printf_char_common                      0x080031bf   Thumb Code    32  _printf_char_common.o(.text)
    _sputc                                   0x080031e5   Thumb Code    10  _sputc.o(.text)
    __rt_locale                              0x080031f1   Thumb Code     8  rt_locale_intlibspace.o(.text)
    _ll_udiv10                               0x080031f9   Thumb Code   138  lludiv10.o(.text)
    _printf_fp_infnan                        0x08003285   Thumb Code   112  _printf_fp_infnan.o(.text)
    _btod_etento                             0x08003305   Thumb Code   224  bigflt0.o(.text)
    __user_libspace                          0x080033e9   Thumb Code     8  libspace.o(.text)
    __user_perproc_libspace                  0x080033e9   Thumb Code     0  libspace.o(.text)
    __user_perthread_libspace                0x080033e9   Thumb Code     0  libspace.o(.text)
    __user_setup_stackheap                   0x080033f1   Thumb Code    74  sys_stackheap_outer.o(.text)
    exit                                     0x0800343b   Thumb Code    18  exit.o(.text)
    strcmp                                   0x0800344d   Thumb Code   128  strcmpv7m.o(.text)
    _btod_d2e                                0x080034cd   Thumb Code    62  btod.o(CL$$btod_d2e)
    _d2e_denorm_low                          0x0800350b   Thumb Code    70  btod.o(CL$$btod_d2e_denorm_low)
    _d2e_norm_op1                            0x08003551   Thumb Code    96  btod.o(CL$$btod_d2e_norm_op1)
    __btod_div_common                        0x080035b1   Thumb Code   696  btod.o(CL$$btod_div_common)
    _e2e                                     0x080038e9   Thumb Code   220  btod.o(CL$$btod_e2e)
    _btod_ediv                               0x080039c5   Thumb Code    42  btod.o(CL$$btod_ediv)
    _btod_emul                               0x080039ef   Thumb Code    42  btod.o(CL$$btod_emul)
    __btod_mult_common                       0x08003a19   Thumb Code   580  btod.o(CL$$btod_mult_common)
    __ARM_fpclassify                         0x08003c5d   Thumb Code    40  fpclassify.o(i.__ARM_fpclassify)
    _is_digit                                0x08003c85   Thumb Code    14  __printf_wp.o(i._is_digit)
    _get_lc_numeric                          0x08003c95   Thumb Code    44  lc_numeric_c.o(locale$$code)
    __aeabi_dadd                             0x08003cc1   Thumb Code     0  daddsub_clz.o(x$fpl$dadd)
    _dadd                                    0x08003cc1   Thumb Code   332  daddsub_clz.o(x$fpl$dadd)
    __aeabi_ddiv                             0x08003e11   Thumb Code     0  ddiv.o(x$fpl$ddiv)
    _ddiv                                    0x08003e11   Thumb Code   552  ddiv.o(x$fpl$ddiv)
    __aeabi_ui2d                             0x080040c1   Thumb Code     0  dflt_clz.o(x$fpl$dfltu)
    _dfltu                                   0x080040c1   Thumb Code    38  dflt_clz.o(x$fpl$dfltu)
    __aeabi_dmul                             0x080040e9   Thumb Code     0  dmul.o(x$fpl$dmul)
    _dmul                                    0x080040e9   Thumb Code   332  dmul.o(x$fpl$dmul)
    __fpl_dnaninf                            0x0800423d   Thumb Code   156  dnaninf.o(x$fpl$dnaninf)
    __fpl_dretinf                            0x080042d9   Thumb Code    12  dretinf.o(x$fpl$dretinf)
    __aeabi_dsub                             0x080042e5   Thumb Code     0  daddsub_clz.o(x$fpl$dsub)
    _dsub                                    0x080042e5   Thumb Code   464  daddsub_clz.o(x$fpl$dsub)
    _printf_fp_dec                           0x080044b9   Thumb Code     4  printf1.o(x$fpl$printf1)
    F6x8                                     0x080044bc   Data         552  oled.o(.constdata)
    __I$use$fp                               0x080044bc   Number         0  usenofp.o(x$fpl$usenofp)
    F8X16                                    0x080046e4   Data        1520  oled.o(.constdata)
    Region$$Table$$Base                      0x08004d68   Number         0  anon$$obj.o(Region$$Table)
    Region$$Table$$Limit                     0x08004d88   Number         0  anon$$obj.o(Region$$Table)
    showOLED                                 0x20000000   Data           6  main.o(.data)
    first                                    0x20000008   Data           8  main.o(.data)
    second                                   0x20000010   Data           8  main.o(.data)
    Inval                                    0x20000018   Data           8  main.o(.data)
    speed1                                   0x20000020   Data           8  main.o(.data)
    speed2                                   0x20000028   Data           8  main.o(.data)
    a                                        0x20000030   Data           8  main.o(.data)
    v1                                       0x20000038   Data           6  main.o(.data)
    v2                                       0x2000003e   Data           6  main.o(.data)
    a1                                       0x20000044   Data           6  main.o(.data)
    STATE                                    0x2000004a   Data           2  main.o(.data)
    flag                                     0x2000004c   Data           4  main.o(.data)
    show_flag                                0x20000050   Data           4  main.o(.data)
    TIME_SAVE                                0x20000054   Data          24  speedtext.o(.data)
    TIM_ICUserValueStructure1                0x2000006c   Data           6  bsp_generaltim.o(.data)
    TIM_ICUserValueStructure2                0x20000072   Data           6  bsp_generaltim.o(.data)
    Hzk                                      0x20000078   Data         384  oled.o(.data)
    __stdout                                 0x200001fc   Data           4  usart.o(.data)
    USART_RX_STA                             0x20000200   Data           2  usart.o(.data)
    SystemCoreClock                          0x20000204   Data           4  system_stm32f10x.o(.data)
    AHBPrescTable                            0x20000208   Data          16  system_stm32f10x.o(.data)
    temp                                     0x2000022c   Data          24  main.o(.bss)
    USART_RX_BUF                             0x20000244   Data         200  usart.o(.bss)
    __libspace_start                         0x2000030c   Data          96  libspace.o(.bss)
    __temporary_stack_top$libspace           0x2000036c   Data           0  libspace.o(.bss)



==============================================================================

Memory Map of the image

  Image Entry point : 0x08000131

  Load Region LR_IROM1 (Base: 0x08000000, Size: 0x00004fd0, Max: 0x00010000, ABSOLUTE, COMPRESSED[0x00004e64])

    Execution Region ER_IROM1 (Exec base: 0x08000000, Load base: 0x08000000, Size: 0x00004da4, Max: 0x00010000, ABSOLUTE)

    Exec Addr    Load Addr    Size         Type   Attr      Idx    E Section Name        Object

    0x08000000   0x08000000   0x00000130   Data   RO          251    RESET               startup_stm32f10x_hd.o
    0x08000130   0x08000130   0x00000008   Code   RO          372  * !!!main             c_w.l(__main.o)
    0x08000138   0x08000138   0x00000034   Code   RO          606    !!!scatter          c_w.l(__scatter.o)
    0x0800016c   0x0800016c   0x0000005a   Code   RO          604    !!dczerorl2         c_w.l(__dczerorl2.o)
    0x080001c6   0x080001c6   0x00000002   PAD
    0x080001c8   0x080001c8   0x0000001c   Code   RO          608    !!handler_zi        c_w.l(__scatter_zi.o)
    0x080001e4   0x080001e4   0x00000000   Code   RO          367    .ARM.Collect$$_printf_percent$$00000000  c_w.l(_printf_percent.o)
    0x080001e4   0x080001e4   0x00000006   Code   RO          366    .ARM.Collect$$_printf_percent$$00000003  c_w.l(_printf_f.o)
    0x080001ea   0x080001ea   0x00000004   Code   RO          403    .ARM.Collect$$_printf_percent$$00000017  c_w.l(_printf_percent_end.o)
    0x080001ee   0x080001ee   0x00000002   Code   RO          481    .ARM.Collect$$libinit$$00000000  c_w.l(libinit.o)
    0x080001f0   0x080001f0   0x00000000   Code   RO          483    .ARM.Collect$$libinit$$00000002  c_w.l(libinit2.o)
    0x080001f0   0x080001f0   0x00000000   Code   RO          485    .ARM.Collect$$libinit$$00000004  c_w.l(libinit2.o)
    0x080001f0   0x080001f0   0x00000000   Code   RO          488    .ARM.Collect$$libinit$$0000000A  c_w.l(libinit2.o)
    0x080001f0   0x080001f0   0x00000000   Code   RO          490    .ARM.Collect$$libinit$$0000000C  c_w.l(libinit2.o)
    0x080001f0   0x080001f0   0x00000000   Code   RO          492    .ARM.Collect$$libinit$$0000000E  c_w.l(libinit2.o)
    0x080001f0   0x080001f0   0x00000006   Code   RO          493    .ARM.Collect$$libinit$$0000000F  c_w.l(libinit2.o)
    0x080001f6   0x080001f6   0x00000000   Code   RO          495    .ARM.Collect$$libinit$$00000011  c_w.l(libinit2.o)
    0x080001f6   0x080001f6   0x00000000   Code   RO          497    .ARM.Collect$$libinit$$00000013  c_w.l(libinit2.o)
    0x080001f6   0x080001f6   0x00000000   Code   RO          499    .ARM.Collect$$libinit$$00000015  c_w.l(libinit2.o)
    0x080001f6   0x080001f6   0x0000000a   Code   RO          500    .ARM.Collect$$libinit$$00000016  c_w.l(libinit2.o)
    0x08000200   0x08000200   0x00000000   Code   RO          501    .ARM.Collect$$libinit$$00000017  c_w.l(libinit2.o)
    0x08000200   0x08000200   0x00000000   Code   RO          503    .ARM.Collect$$libinit$$00000019  c_w.l(libinit2.o)
    0x08000200   0x08000200   0x00000000   Code   RO          505    .ARM.Collect$$libinit$$0000001B  c_w.l(libinit2.o)
    0x08000200   0x08000200   0x00000000   Code   RO          507    .ARM.Collect$$libinit$$0000001D  c_w.l(libinit2.o)
    0x08000200   0x08000200   0x00000000   Code   RO          509    .ARM.Collect$$libinit$$0000001F  c_w.l(libinit2.o)
    0x08000200   0x08000200   0x00000000   Code   RO          511    .ARM.Collect$$libinit$$00000021  c_w.l(libinit2.o)
    0x08000200   0x08000200   0x00000000   Code   RO          513    .ARM.Collect$$libinit$$00000023  c_w.l(libinit2.o)
    0x08000200   0x08000200   0x00000000   Code   RO          515    .ARM.Collect$$libinit$$00000025  c_w.l(libinit2.o)
    0x08000200   0x08000200   0x00000000   Code   RO          519    .ARM.Collect$$libinit$$0000002C  c_w.l(libinit2.o)
    0x08000200   0x08000200   0x00000000   Code   RO          521    .ARM.Collect$$libinit$$0000002E  c_w.l(libinit2.o)
    0x08000200   0x08000200   0x00000000   Code   RO          523    .ARM.Collect$$libinit$$00000030  c_w.l(libinit2.o)
    0x08000200   0x08000200   0x00000000   Code   RO          525    .ARM.Collect$$libinit$$00000032  c_w.l(libinit2.o)
    0x08000200   0x08000200   0x00000002   Code   RO          526    .ARM.Collect$$libinit$$00000033  c_w.l(libinit2.o)
    0x08000202   0x08000202   0x00000002   Code   RO          554    .ARM.Collect$$libshutdown$$00000000  c_w.l(libshutdown.o)
    0x08000204   0x08000204   0x00000000   Code   RO          563    .ARM.Collect$$libshutdown$$00000002  c_w.l(libshutdown2.o)
    0x08000204   0x08000204   0x00000000   Code   RO          565    .ARM.Collect$$libshutdown$$00000004  c_w.l(libshutdown2.o)
    0x08000204   0x08000204   0x00000000   Code   RO          568    .ARM.Collect$$libshutdown$$00000007  c_w.l(libshutdown2.o)
    0x08000204   0x08000204   0x00000000   Code   RO          571    .ARM.Collect$$libshutdown$$0000000A  c_w.l(libshutdown2.o)
    0x08000204   0x08000204   0x00000000   Code   RO          573    .ARM.Collect$$libshutdown$$0000000C  c_w.l(libshutdown2.o)
    0x08000204   0x08000204   0x00000000   Code   RO          576    .ARM.Collect$$libshutdown$$0000000F  c_w.l(libshutdown2.o)
    0x08000204   0x08000204   0x00000002   Code   RO          577    .ARM.Collect$$libshutdown$$00000010  c_w.l(libshutdown2.o)
    0x08000206   0x08000206   0x00000000   Code   RO          396    .ARM.Collect$$rtentry$$00000000  c_w.l(__rtentry.o)
    0x08000206   0x08000206   0x00000000   Code   RO          410    .ARM.Collect$$rtentry$$00000002  c_w.l(__rtentry2.o)
    0x08000206   0x08000206   0x00000006   Code   RO          422    .ARM.Collect$$rtentry$$00000004  c_w.l(__rtentry4.o)
    0x0800020c   0x0800020c   0x00000000   Code   RO          412    .ARM.Collect$$rtentry$$00000009  c_w.l(__rtentry2.o)
    0x0800020c   0x0800020c   0x00000004   Code   RO          413    .ARM.Collect$$rtentry$$0000000A  c_w.l(__rtentry2.o)
    0x08000210   0x08000210   0x00000000   Code   RO          415    .ARM.Collect$$rtentry$$0000000C  c_w.l(__rtentry2.o)
    0x08000210   0x08000210   0x00000008   Code   RO          416    .ARM.Collect$$rtentry$$0000000D  c_w.l(__rtentry2.o)
    0x08000218   0x08000218   0x00000002   Code   RO          527    .ARM.Collect$$rtexit$$00000000  c_w.l(rtexit.o)
    0x0800021a   0x0800021a   0x00000000   Code   RO          534    .ARM.Collect$$rtexit$$00000002  c_w.l(rtexit2.o)
    0x0800021a   0x0800021a   0x00000004   Code   RO          535    .ARM.Collect$$rtexit$$00000003  c_w.l(rtexit2.o)
    0x0800021e   0x0800021e   0x00000006   Code   RO          536    .ARM.Collect$$rtexit$$00000004  c_w.l(rtexit2.o)
    0x08000224   0x08000224   0x00000204   Code   RO            1    .text               main.o
    0x08000428   0x08000428   0x000001cc   Code   RO           82    .text               stm32f10x_it.o
    0x080005f4   0x080005f4   0x00000050   Code   RO           98    .text               speedtext.o
    0x08000644   0x08000644   0x00000110   Code   RO          137    .text               bsp_generaltim.o
    0x08000754   0x08000754   0x0000009c   Code   RO          155    .text               led.o
    0x080007f0   0x080007f0   0x000005d4   Code   RO          170    .text               oled.o
    0x08000dc4   0x08000dc4   0x000000d4   Code   RO          189    .text               delay.o
    0x08000e98   0x08000e98   0x0000000c   Code   RO          203    .text               sys.o
    0x08000ea4   0x08000ea4   0x00000140   Code   RO          215    .text               usart.o
    0x08000fe4   0x08000fe4   0x00000040   Code   RO          252    .text               startup_stm32f10x_hd.o
    0x08001024   0x08001024   0x000001d0   Code   RO          256    .text               system_stm32f10x.o
    0x080011f4   0x080011f4   0x000000dc   Code   RO          274    .text               misc.o
    0x080012d0   0x080012d0   0x0000035c   Code   RO          286    .text               stm32f10x_gpio.o
    0x0800162c   0x0800162c   0x000003a4   Code   RO          298    .text               stm32f10x_rcc.o
    0x080019d0   0x080019d0   0x00000408   Code   RO          312    .text               stm32f10x_usart.o
    0x08001dd8   0x08001dd8   0x00000e1a   Code   RO          324    .text               stm32f10x_tim.o
    0x08002bf2   0x08002bf2   0x00000002   Code   RO          338    .text               c_w.l(use_no_semi_2.o)
    0x08002bf4   0x08002bf4   0x00000028   Code   RO          342    .text               c_w.l(noretval__2sprintf.o)
    0x08002c1c   0x08002c1c   0x0000010e   Code   RO          354    .text               c_w.l(__printf_wp.o)
    0x08002d2a   0x08002d2a   0x00000064   Code   RO          368    .text               c_w.l(rt_memcpy_w.o)
    0x08002d8e   0x08002d8e   0x00000006   Code   RO          370    .text               c_w.l(heapauxi.o)
    0x08002d94   0x08002d94   0x00000002   Code   RO          394    .text               c_w.l(use_no_semi.o)
    0x08002d96   0x08002d96   0x0000041e   Code   RO          397    .text               c_w.l(_printf_fp_dec.o)
    0x080031b4   0x080031b4   0x00000030   Code   RO          399    .text               c_w.l(_printf_char_common.o)
    0x080031e4   0x080031e4   0x0000000a   Code   RO          401    .text               c_w.l(_sputc.o)
    0x080031ee   0x080031ee   0x00000002   PAD
    0x080031f0   0x080031f0   0x00000008   Code   RO          427    .text               c_w.l(rt_locale_intlibspace.o)
    0x080031f8   0x080031f8   0x0000008a   Code   RO          429    .text               c_w.l(lludiv10.o)
    0x08003282   0x08003282   0x00000002   PAD
    0x08003284   0x08003284   0x00000080   Code   RO          431    .text               c_w.l(_printf_fp_infnan.o)
    0x08003304   0x08003304   0x000000e4   Code   RO          435    .text               c_w.l(bigflt0.o)
    0x080033e8   0x080033e8   0x00000008   Code   RO          467    .text               c_w.l(libspace.o)
    0x080033f0   0x080033f0   0x0000004a   Code   RO          470    .text               c_w.l(sys_stackheap_outer.o)
    0x0800343a   0x0800343a   0x00000012   Code   RO          472    .text               c_w.l(exit.o)
    0x0800344c   0x0800344c   0x00000080   Code   RO          474    .text               c_w.l(strcmpv7m.o)
    0x080034cc   0x080034cc   0x0000003e   Code   RO          438    CL$$btod_d2e        c_w.l(btod.o)
    0x0800350a   0x0800350a   0x00000046   Code   RO          440    CL$$btod_d2e_denorm_low  c_w.l(btod.o)
    0x08003550   0x08003550   0x00000060   Code   RO          439    CL$$btod_d2e_norm_op1  c_w.l(btod.o)
    0x080035b0   0x080035b0   0x00000338   Code   RO          448    CL$$btod_div_common  c_w.l(btod.o)
    0x080038e8   0x080038e8   0x000000dc   Code   RO          445    CL$$btod_e2e        c_w.l(btod.o)
    0x080039c4   0x080039c4   0x0000002a   Code   RO          442    CL$$btod_ediv       c_w.l(btod.o)
    0x080039ee   0x080039ee   0x0000002a   Code   RO          441    CL$$btod_emul       c_w.l(btod.o)
    0x08003a18   0x08003a18   0x00000244   Code   RO          447    CL$$btod_mult_common  c_w.l(btod.o)
    0x08003c5c   0x08003c5c   0x00000028   Code   RO          465    i.__ARM_fpclassify  m_ws.l(fpclassify.o)
    0x08003c84   0x08003c84   0x0000000e   Code   RO          356    i._is_digit         c_w.l(__printf_wp.o)
    0x08003c92   0x08003c92   0x00000002   PAD
    0x08003c94   0x08003c94   0x0000002c   Code   RO          461    locale$$code        c_w.l(lc_numeric_c.o)
    0x08003cc0   0x08003cc0   0x00000150   Code   RO          374    x$fpl$dadd          fz_ws.l(daddsub_clz.o)
    0x08003e10   0x08003e10   0x000002b0   Code   RO          381    x$fpl$ddiv          fz_ws.l(ddiv.o)
    0x080040c0   0x080040c0   0x00000026   Code   RO          384    x$fpl$dfltu         fz_ws.l(dflt_clz.o)
    0x080040e6   0x080040e6   0x00000002   PAD
    0x080040e8   0x080040e8   0x00000154   Code   RO          390    x$fpl$dmul          fz_ws.l(dmul.o)
    0x0800423c   0x0800423c   0x0000009c   Code   RO          404    x$fpl$dnaninf       fz_ws.l(dnaninf.o)
    0x080042d8   0x080042d8   0x0000000c   Code   RO          406    x$fpl$dretinf       fz_ws.l(dretinf.o)
    0x080042e4   0x080042e4   0x000001d4   Code   RO          376    x$fpl$dsub          fz_ws.l(daddsub_clz.o)
    0x080044b8   0x080044b8   0x00000004   Code   RO          392    x$fpl$printf1       fz_ws.l(printf1.o)
    0x080044bc   0x080044bc   0x00000000   Code   RO          408    x$fpl$usenofp       fz_ws.l(usenofp.o)
    0x080044bc   0x080044bc   0x00000818   Data   RO          171    .constdata          oled.o
    0x08004cd4   0x08004cd4   0x00000094   Data   RO          436    .constdata          c_w.l(bigflt0.o)
    0x08004d68   0x08004d68   0x00000020   Data   RO          602    Region$$Table       anon$$obj.o
    0x08004d88   0x08004d88   0x0000001c   Data   RO          460    locale$$data        c_w.l(lc_numeric_c.o)


    Execution Region RW_IRAM1 (Exec base: 0x20000000, Load base: 0x08004da4, Size: 0x00000970, Max: 0x00005000, ABSOLUTE, COMPRESSED[0x000000c0])

    Exec Addr    Load Addr    Size         Type   Attr      Idx    E Section Name        Object

    0x20000000   COMPRESSED   0x00000054   Data   RW            3    .data               main.o
    0x20000054   COMPRESSED   0x00000018   Data   RW           99    .data               speedtext.o
    0x2000006c   COMPRESSED   0x0000000c   Data   RW          138    .data               bsp_generaltim.o
    0x20000078   COMPRESSED   0x00000180   Data   RW          172    .data               oled.o
    0x200001f8   COMPRESSED   0x00000004   Data   RW          190    .data               delay.o
    0x200001fc   COMPRESSED   0x00000006   Data   RW          217    .data               usart.o
    0x20000202   COMPRESSED   0x00000002   PAD
    0x20000204   COMPRESSED   0x00000014   Data   RW          257    .data               system_stm32f10x.o
    0x20000218   COMPRESSED   0x00000014   Data   RW          299    .data               stm32f10x_rcc.o
    0x2000022c        -       0x00000018   Zero   RW            2    .bss                main.o
    0x20000244        -       0x000000c8   Zero   RW          216    .bss                usart.o
    0x2000030c        -       0x00000060   Zero   RW          468    .bss                c_w.l(libspace.o)
    0x2000036c   COMPRESSED   0x00000004   PAD
    0x20000370        -       0x00000200   Zero   RW          250    HEAP                startup_stm32f10x_hd.o
    0x20000570        -       0x00000400   Zero   RW          249    STACK               startup_stm32f10x_hd.o


==============================================================================

Image component sizes


      Code (inc. data)   RO Data    RW Data    ZI Data      Debug   Object Name

       272          6          0         12          0       2389   bsp_generaltim.o
         0          0          0          0          0         32   core_cm3.o
       212         18          0          4          0       1051   delay.o
       156         10          0          0          0       1191   led.o
       516        100          0         84         24     253325   main.o
       220         22          0          0          0       1817   misc.o
      1492         20       2072        384          0       6899   oled.o
        80          6          0         24          0     205060   speedtext.o
        64         26        304          0       1536        804   startup_stm32f10x_hd.o
       860         38          0          0          0       5749   stm32f10x_gpio.o
       460         18          0          0          0       1610   stm32f10x_it.o
       932         36          0         20          0       8932   stm32f10x_rcc.o
      3610         88          0          0          0      22856   stm32f10x_tim.o
      1032         22          0          0          0       8472   stm32f10x_usart.o
        12          0          0          0          0        457   sys.o
       464         32          0         20          0       1751   system_stm32f10x.o
       320         16          0          6        200       3198   usart.o

    ----------------------------------------------------------------------
     10702        458       2408        556       1760     525593   Object Totals
         0          0         32          0          0          0   (incl. Generated)
         0          0          0          2          0          0   (incl. Padding)

    ----------------------------------------------------------------------

      Code (inc. data)   RO Data    RW Data    ZI Data      Debug   Library Member Name

        90          0          0          0          0          0   __dczerorl2.o
         8          0          0          0          0         68   __main.o
       284          0          0          0          0        156   __printf_wp.o
         0          0          0          0          0          0   __rtentry.o
        12          0          0          0          0          0   __rtentry2.o
         6          0          0          0          0          0   __rtentry4.o
        52          8          0          0          0          0   __scatter.o
        28          0          0          0          0          0   __scatter_zi.o
        48          6          0          0          0         96   _printf_char_common.o
         6          0          0          0          0          0   _printf_f.o
      1054          0          0          0          0        216   _printf_fp_dec.o
       128         16          0          0          0         84   _printf_fp_infnan.o
         0          0          0          0          0          0   _printf_percent.o
         4          0          0          0          0          0   _printf_percent_end.o
        10          0          0          0          0         68   _sputc.o
       228          4        148          0          0         96   bigflt0.o
      1936        128          0          0          0        672   btod.o
        18          0          0          0          0         80   exit.o
         6          0          0          0          0        152   heapauxi.o
        44         10         28          0          0         76   lc_numeric_c.o
         2          0          0          0          0          0   libinit.o
        18          0          0          0          0          0   libinit2.o
         2          0          0          0          0          0   libshutdown.o
         2          0          0          0          0          0   libshutdown2.o
         8          4          0          0         96         68   libspace.o
       138          0          0          0          0         80   lludiv10.o
        40          6          0          0          0         84   noretval__2sprintf.o
         8          4          0          0          0         68   rt_locale_intlibspace.o
       100          0          0          0          0         80   rt_memcpy_w.o
         2          0          0          0          0          0   rtexit.o
        10          0          0          0          0          0   rtexit2.o
       128          0          0          0          0         68   strcmpv7m.o
        74          0          0          0          0         80   sys_stackheap_outer.o
         2          0          0          0          0         68   use_no_semi.o
         2          0          0          0          0         68   use_no_semi_2.o
       804         16          0          0          0        272   daddsub_clz.o
       688        140          0          0          0        208   ddiv.o
        38          0          0          0          0         68   dflt_clz.o
       340         12          0          0          0        104   dmul.o
       156          4          0          0          0         92   dnaninf.o
        12          0          0          0          0         68   dretinf.o
         4          0          0          0          0         68   printf1.o
         0          0          0          0          0          0   usenofp.o
        40          0          0          0          0         68   fpclassify.o

    ----------------------------------------------------------------------
      6590        358        176          0        100       3376   Library Totals
        10          0          0          0          4          0   (incl. Padding)

    ----------------------------------------------------------------------

      Code (inc. data)   RO Data    RW Data    ZI Data      Debug   Library Name

      4498        186        176          0         96       2428   c_w.l
      2042        172          0          0          0        880   fz_ws.l
        40          0          0          0          0         68   m_ws.l

    ----------------------------------------------------------------------
      6590        358        176          0        100       3376   Library Totals

    ----------------------------------------------------------------------

==============================================================================


      Code (inc. data)   RO Data    RW Data    ZI Data      Debug   

     17292        816       2584        556       1860     525897   Grand Totals
     17292        816       2584        192       1860     525897   ELF Image Totals (compressed)
     17292        816       2584        192          0          0   ROM Totals

==============================================================================

    Total RO  Size (Code + RO Data)                19876 (  19.41kB)
    Total RW  Size (RW Data + ZI Data)              2416 (   2.36kB)
    Total ROM Size (Code + RO Data + RW Data)      20068 (  19.60kB)

==============================================================================

