<html>
<body>
<pre>
<h1>µVision Build Log</h1>
<h2>Tool Versions:</h2>
IDE-Version: ¦ÌVision V5.11.2.0
Copyright (C) 2014 ARM Ltd and ARM Germany GmbH. All rights reserved.
License Information: IBM Microsoft, Microsoft, LIC=TA3Z9-4TC1X-22VL4-FRF0J-D7AGZ-Q8RWL
 
Tool Versions:
Toolchain:       MDK-ARM Professional  Version: 5.10.0.0
Toolchain Path:  d:\Keil_v5\ARM\ARMCC\bin\
C Compiler:      Armcc.exe V5.04 update 1 (build 49)
Assembler:       Armasm.exe V5.04 update 1 (build 49)
Linker/Locator:  ArmLink.exe V5.04 update 1 (build 49)
Library Manager: ArmAr.exe V5.04 update 1 (build 49)
Hex Converter:   FromElf.exe V5.04 update 1 (build 49)
CPU DLL:         SARMCM3.DLL V5.10.0.0
Dialog DLL:      DCM.DLL V1.10.0.0
    Target DLL: Segger\JL2CM3.dll
Dialog DLL:      TCM.DLL V1.14.1.0
 
<h2>Project:</h2>
E:\project\0.96inch\SSD1306\STM32_OLED_Demo_STM32F103RCT6_IIC_V1.0\USER\OLED.uvproj
Project File Date:  06/06/2018

<h2>Output:</h2>
Rebuild target 'QD-OLED'
compiling main.c...
compiling stm32f10x_it.c...
compiling system_stm32f10x.c...
compiling oled.c...
compiling delay.c...
compiling sys.c...
compiling usart.c...
compiling core_cm3.c...
assembling startup_stm32f10x_hd.s...
compiling misc.c...
compiling stm32f10x_gpio.c...
compiling stm32f10x_rcc.c...
compiling stm32f10x_usart.c...
linking...
Program Size: Code=6328 RO-data=2408 RW-data=2484 ZI-data=1836  
FromELF: creating hex file...
"..\OBJ\TEST_OLED.axf" - 0 Error(s), 0 Warning(s).
</pre>
</body>
</html>
